<html>
<body>
<pre>
<h1>µVision Build Log</h1>
<h2>Tool Versions:</h2>
IDE-Version: µVision V5.15
Copyright (C) 2015 ARM Ltd and ARM Germany GmbH. All rights reserved.
License Information: Jithin M, Fin robotics, LIC=WIVEZ-JVLJK-RH88Q-LCJGK-62JWP-CHLZ6
 
Tool Versions:
Toolchain:       MDK-ARM Standard Cortex-M only  Version: 5.15.0
Toolchain Path:  C:\Keil_v5\ARM\ARMCC\Bin
C Compiler:      Armcc.exe V5.05 update 2 (build 169)
Assembler:       Armasm.exe V5.05 update 2 (build 169)
Linker/Locator:  ArmLink.exe V5.05 update 2 (build 169)
Library Manager: ArmAr.exe V5.05 update 2 (build 169)
Hex Converter:   FromElf.exe V5.05 update 2 (build 169)
CPU DLL:         SARMCM3.DLL V5.15.0
Dialog DLL:      DARMCM1.DLL V1.12.0.0
Target DLL:      Segger\JL2CM3.dll V2.99.15.0
Dialog DLL:      TARMCM1.DLL V1.9.0.0
 
<h2>Project:</h2>
E:\workspace\Keil\Nordic\Morse_code_generator_nordic\Morse_code_generator.uvprojx
Project File Date:  07/24/2015

<h2>Output:</h2>
*** Using Compiler 'V5.05 update 2 (build 169)', folder: 'C:\Keil_v5\ARM\ARMCC\Bin'
Build target 'nrf51422'
compiling led_handler.c...
linking...
Program Size: Code=6356 RO-data=332 RW-data=80 ZI-data=3792  
FromELF: creating hex file...
".\Objects\Morse_code_generator.axf" - 0 Error(s), 0 Warning(s).

<h2>Software Packages used:</h2>

Package Vendor: ARM
                http://www.keil.com/pack/ARM.CMSIS.4.3.0.pack
                ARM::CMSIS:CORE:4.1.0
                CMSIS (Cortex Microcontroller Software Interface Standard)
   * Component: CORE Version: 4.1.0

Package Vendor: NordicSemiconductor
                http://developer.nordicsemi.com/nRF51_SDK/pieces/nRF_DeviceFamilyPack/NordicSemiconductor.nRF_DeviceFamilyPack.8.0.3.pack
                NordicSemiconductor::Device:Startup:8.0.3
                Nordic Semiconductor nRF ARM devices Device Family Pack.
   * Component: Startup Version: 8.0.3

Package Vendor: NordicSemiconductor
                http://developer.nordicsemi.com/nRF51_SDK/pieces/nRF_Drivers/NordicSemiconductor.nRF_Drivers.3.0.0.pack
                NordicSemiconductor::nRF_Drivers:nrf_delay:3.0.0
                Drivers for Nordic Semiconductor nRF family.
   * Component: nrf_delay Version: 3.0.0
   * Component: nrf_gpio Version: 3.0.0
   * Component: nrf_gpiote Version: 3.0.0
   * Component: nrf_error Variant: default Version: 3.0.0
   * Component: nrf_drv_gpiote Version: 3.0.0
   * Component: nrf_drv_common Version: 3.0.0
   * Component: app_uart Variant: Fifo Version: 3.0.0

Package Vendor: NordicSemiconductor
                http://developer.nordicsemi.com/nRF51_SDK/pieces/nRF_Examples/NordicSemiconductor.nRF_Examples.8.1.1.pack
                NordicSemiconductor::Board Support:bsp:Defines:8.1.1
                Examples and BSP for Nordic Semiconductor nRF family.
   * Component: bsp Variant: Defines Version: 8.1.1

Package Vendor: NordicSemiconductor
                http://developer.nordicsemi.com/nRF51_SDK/pieces/nRF_Libraries/NordicSemiconductor.nRF_Libraries.3.0.0.pack
                NordicSemiconductor::nRF_Libraries:app_button:3.0.0
                Software modules for Nordic Semiconductor nRF family.
   * Component: app_button Version: 3.0.0
   * Component: app_error Version: 3.0.0
   * Component: app_scheduler Variant: default Version: 3.0.0
   * Component: app_timer_with_app_scheduler Version: 3.0.0
   * Component: retarget Version: 3.0.0
   * Component: app_fifo Version: 3.0.0
   * Component: nrf_assert Version: 3.0.0
   * Component: app_timer Variant: default Version: 3.0.0
   * Component: app_util Variant: default Version: 3.0.0

Package Vendor: NordicSemiconductor
                http://developer.nordicsemi.com/nRF51_SDK/pieces/nRF_SoftDevice_Common/NordicSemiconductor.nRF_SoftDevice_Common.1.1.3.pack
                NordicSemiconductor::nRF_SoftDevice:Internal:softdevice_present:1.1.3
                Common components for Nordic Semiconductor nRF family SoftDevices.
   * Component: softdevice_present Version: 1.1.3

Package Vendor: NordicSemiconductor
                http://developer.nordicsemi.com/nRF51_SDK/pieces/nRF_SoftDevice_S110/NordicSemiconductor.nRF_SoftDevice_S110.8.0.1.pack
                NordicSemiconductor::nRF_SoftDevice:s110:Present_only:8.0.1
                Components for Bluetooth Low Energy (Bluetooth Smart) S110 SoftDevice for Nordic Semiconductor nRF family.
   * Component: s110 Variant: Present_only Version: 8.0.1

<h2>Collection of Component include folders:</h2>
  E:\workspace\Keil\Nordic\Morse_code_generator_nordic\RTE
  E:\workspace\Keil\Nordic\Morse_code_generator_nordic\RTE\nRF_Drivers\nRF51422_xxAC
  E:\workspace\Keil\Nordic\Morse_code_generator_nordic\RTE\nRF_Libraries\nRF51422_xxAC
  C:\Keil_v5\ARM\PACK\ARM\CMSIS\4.3.0\CMSIS\Include
  C:\Keil_v5\ARM\PACK\NordicSemiconductor\nRF_DeviceFamilyPack\8.0.3\Device\Include
  C:\Keil_v5\ARM\PACK\NordicSemiconductor\nRF_Drivers\3.0.0\common
  C:\Keil_v5\ARM\PACK\NordicSemiconductor\nRF_Drivers\3.0.0\config
  C:\Keil_v5\ARM\PACK\NordicSemiconductor\nRF_Drivers\3.0.0\gpiote
  C:\Keil_v5\ARM\PACK\NordicSemiconductor\nRF_Drivers\3.0.0\hal
  C:\Keil_v5\ARM\PACK\NordicSemiconductor\nRF_Drivers\3.0.0\uart
  C:\Keil_v5\ARM\PACK\NordicSemiconductor\nRF_Examples\8.1.1\bsp
  C:\Keil_v5\ARM\PACK\NordicSemiconductor\nRF_Libraries\3.0.0\button
  C:\Keil_v5\ARM\PACK\NordicSemiconductor\nRF_Libraries\3.0.0\fifo
  C:\Keil_v5\ARM\PACK\NordicSemiconductor\nRF_Libraries\3.0.0\scheduler
  C:\Keil_v5\ARM\PACK\NordicSemiconductor\nRF_Libraries\3.0.0\timer
  C:\Keil_v5\ARM\PACK\NordicSemiconductor\nRF_Libraries\3.0.0\util
  C:\Keil_v5\ARM\PACK\NordicSemiconductor\nRF_SoftDevice_S110\8.0.1\headers

<h2>Collection of Component Files used:</h2>

   * Component: ARM::CMSIS:CORE:4.1.0

   * Component: NordicSemiconductor::Device:Startup:8.0.3
      Source file:   Device\Source\arm\arm_startup_nrf51.s
      Source file:   Device\Source\system_nrf51.c
      Include file:  Device\Include\system_nrf51.h

   * Component: NordicSemiconductor::nRF_Drivers:nrf_delay:3.0.0
      Source file:   hal\nrf_delay.c
      Include file:  hal\nrf_delay.h

   * Component: NordicSemiconductor::nRF_Drivers:nrf_gpio:3.0.0
      Include file:  hal\nrf_gpio.h

   * Component: NordicSemiconductor::nRF_Drivers:nrf_gpiote:3.0.0
      Include file:  hal\nrf_gpiote.h

   * Component: NordicSemiconductor::nRF_Drivers:nrf_error:default:3.0.0

   * Component: NordicSemiconductor::nRF_Drivers:nrf_drv_gpiote:3.0.0
      Source file:   gpiote\nrf_drv_gpiote.c
      Include file:  gpiote\nrf_drv_gpiote.h
      Include file:  config\nrf_drv_config.h

   * Component: NordicSemiconductor::nRF_Drivers:nrf_drv_common:3.0.0
      Source file:   common\nrf_drv_common.c
      Include file:  common\nrf_drv_common.h

   * Component: NordicSemiconductor::nRF_Drivers:app_uart:Fifo:3.0.0
      Source file:   uart\app_uart_fifo.c
      Include file:  uart\app_uart.h

   * Component: NordicSemiconductor::Board Support:bsp:Defines:8.1.1

   * Component: NordicSemiconductor::nRF_Libraries:app_button:3.0.0
      Source file:   button\app_button.c
      Include file:  button\app_button.h

   * Component: NordicSemiconductor::nRF_Libraries:app_error:3.0.0
      Source file:   util\app_error.c
      Include file:  util\app_error.h

   * Component: NordicSemiconductor::nRF_Libraries:app_scheduler:default:3.0.0
      Source file:   scheduler\app_scheduler.c
      Include file:  scheduler\app_scheduler.h

   * Component: NordicSemiconductor::nRF_Libraries:app_timer_with_app_scheduler:3.0.0
      Source file:   timer\app_timer_appsh.c
      Include file:  timer\app_timer_appsh.h

   * Component: NordicSemiconductor::nRF_Libraries:retarget:3.0.0
      Source file:   uart\retarget.c

   * Component: NordicSemiconductor::nRF_Libraries:app_fifo:3.0.0
      Source file:   fifo\app_fifo.c
      Include file:  fifo\app_fifo.h

   * Component: NordicSemiconductor::nRF_Libraries:nrf_assert:3.0.0
      Source file:   util\nrf_assert.c
      Include file:  util\nrf_assert.h

   * Component: NordicSemiconductor::nRF_Libraries:app_timer:default:3.0.0
      Source file:   timer\app_timer.c
      Include file:  timer\app_timer.h

   * Component: NordicSemiconductor::nRF_Libraries:app_util:default:3.0.0

   * Component: NordicSemiconductor::nRF_SoftDevice:Internal:softdevice_present:1.1.3

   * Component: NordicSemiconductor::nRF_SoftDevice:s110:Present_only:8.0.1
      Include file:  headers\ble.h
      Include file:  headers\ble_gatt.h
      Include file:  headers\ble_hci.h
      Include file:  headers\ble_types.h
      Include file:  headers\nrf_error_soc.h
      Include file:  headers\nrf_soc.h
      Include file:  headers\ble_err.h
      Include file:  headers\ble_gattc.h
      Include file:  headers\ble_l2cap.h
      Include file:  headers\nrf_error.h
      Include file:  headers\nrf_mbr.h
      Include file:  headers\nrf_svc.h
      Include file:  headers\ble_gap.h
      Include file:  headers\ble_gatts.h
      Include file:  headers\ble_ranges.h
      Include file:  headers\nrf_error_sdm.h
      Include file:  headers\nrf_sdm.h
      Include file:  headers\softdevice_assert.h
      Include file:  headers\nrf_sd_def.h
</pre>
</body>
</html>
