Component: ARM Compiler 5.05 update 2 (build 169) Tool: armlink [4d0f33]

==============================================================================

Section Cross References

    main.o(i.main) refers to app_uart_fifo.o(i.app_uart_init) for app_uart_init
    main.o(i.main) refers to app_error.o(i.app_error_handler) for app_error_handler
    main.o(i.main) refers to app_scheduler.o(i.app_sched_init) for app_sched_init
    main.o(i.main) refers to timer_handler.o(i.timer_init) for timer_init
    main.o(i.main) refers to led_handler.o(i.led_init) for led_init
    main.o(i.main) refers to printf3.o(i.__0printf$3) for __2printf
    main.o(i.main) refers to app_scheduler.o(i.app_sched_execute) for app_sched_execute
    main.o(i.main) refers to main.o(.constdata) for .constdata
    main.o(i.main) refers to main.o(.bss) for .bss
    main.o(i.main) refers to main.o(i.uart_event_handle) for uart_event_handle
    main.o(i.main) refers to main.o(.conststring) for .conststring
    main.o(i.uart_event_handle) refers to app_error.o(i.app_error_handler) for app_error_handler
    main.o(i.uart_event_handle) refers to app_uart_fifo.o(i.app_uart_get) for app_uart_get
    main.o(i.uart_event_handle) refers to printf3.o(i.__0printf$3) for __2printf
    main.o(i.uart_event_handle) refers to morse.o(i.morse_generate) for morse_generate
    main.o(i.uart_event_handle) refers to main.o(.bss) for .bss
    main.o(i.uart_event_handle) refers to main.o(.data) for .data
    morse.o(i.get_char_morse) refers to morse.o(i.__ARM_common_switch8) for __ARM_common_switch8
    morse.o(i.morse_generate) refers to morse.o(i.get_char_morse) for get_char_morse
    morse.o(i.morse_generate) refers to printf3.o(i.__0printf$3) for __2printf
    morse.o(i.morse_generate) refers to strlen.o(.text) for strlen
    morse.o(i.morse_generate) refers to app_timer.o(i.app_timer_start) for app_timer_start
    morse.o(i.morse_generate) refers to morse.o(.bss) for .bss
    morse.o(i.morse_generate) refers to morse.o(.data) for .data
    timer_handler.o(i.timer_init) refers to app_timer.o(i.app_timer_init) for app_timer_init
    timer_handler.o(i.timer_init) refers to app_error.o(i.app_error_handler) for app_error_handler
    timer_handler.o(i.timer_init) refers to app_timer.o(i.app_timer_create) for app_timer_create
    timer_handler.o(i.timer_init) refers to app_timer_appsh.o(i.app_timer_evt_schedule) for app_timer_evt_schedule
    timer_handler.o(i.timer_init) refers to timer_handler.o(.bss) for .bss
    timer_handler.o(i.timer_init) refers to led_handler.o(i.morse_led_indication) for morse_led_indication
    timer_handler.o(i.timer_init) refers to timer_handler.o(.data) for .data
    led_handler.o(i.led_init) refers to nrf_drv_gpiote.o(i.nrf_drv_gpiote_init) for nrf_drv_gpiote_init
    led_handler.o(i.led_init) refers to app_error.o(i.app_error_handler) for app_error_handler
    led_handler.o(i.led_init) refers to nrf_drv_gpiote.o(i.nrf_drv_gpiote_out_init) for nrf_drv_gpiote_out_init
    led_handler.o(i.led_init) refers to led_handler.o(.constdata) for .constdata
    led_handler.o(i.morse_led_indication) refers to printf3.o(i.__0printf$3) for __2printf
    led_handler.o(i.morse_led_indication) refers to idiv.o(.text) for __aeabi_idivmod
    led_handler.o(i.morse_led_indication) refers to uidiv.o(.text) for __aeabi_uidivmod
    led_handler.o(i.morse_led_indication) refers to nrf_drv_gpiote.o(i.nrf_drv_gpiote_out_clear) for nrf_drv_gpiote_out_clear
    led_handler.o(i.morse_led_indication) refers to nrf_delay.o(i.nrf_delay_ms) for nrf_delay_ms
    led_handler.o(i.morse_led_indication) refers to nrf_drv_gpiote.o(i.nrf_drv_gpiote_out_set) for nrf_drv_gpiote_out_set
    led_handler.o(i.morse_led_indication) refers to morse.o(.bss) for morse_data
    arm_startup_nrf51.o(RESET) refers to arm_startup_nrf51.o(STACK) for __initial_sp
    arm_startup_nrf51.o(RESET) refers to arm_startup_nrf51.o(.text) for Reset_Handler
    arm_startup_nrf51.o(RESET) refers to app_uart_fifo.o(i.UART0_IRQHandler) for UART0_IRQHandler
    arm_startup_nrf51.o(RESET) refers to nrf_drv_gpiote.o(i.GPIOTE_IRQHandler) for GPIOTE_IRQHandler
    arm_startup_nrf51.o(RESET) refers to app_timer.o(i.RTC1_IRQHandler) for RTC1_IRQHandler
    arm_startup_nrf51.o(RESET) refers to app_timer.o(i.SWI0_IRQHandler) for SWI0_IRQHandler
    arm_startup_nrf51.o(.text) refers to system_nrf51.o(i.SystemInit) for SystemInit
    arm_startup_nrf51.o(.text) refers to entry.o(.ARM.Collect$$$$00000000) for __main
    system_nrf51.o(i.SystemCoreClockUpdate) refers to system_nrf51.o(.data) for .data
    system_nrf51.o(i.SystemInit) refers to system_nrf51.o(i.is_manual_peripheral_setup_needed) for is_manual_peripheral_setup_needed
    nrf_drv_gpiote.o(i.GPIOTE_IRQHandler) refers to nrf_drv_gpiote.o(i.nrf_gpiote_event_is_set) for nrf_gpiote_event_is_set
    nrf_drv_gpiote.o(i.GPIOTE_IRQHandler) refers to nrf_drv_gpiote.o(i.pin_in_use_by_port) for pin_in_use_by_port
[...]
    nrf_drv_gpiote.o(i.nrf_drv_gpiote_in_uninit) refers to nrf_drv_gpiote.o(i.nrf_drv_gpiote_in_event_disable) for nrf_drv_gpiote_in_event_disable
    nrf_drv_gpiote.o(i.nrf_drv_gpiote_in_uninit) refers to nrf_drv_gpiote.o(i.pin_in_use_by_te) for pin_in_use_by_te
    nrf_drv_gpiote.o(i.nrf_drv_gpiote_in_uninit) refers to nrf_drv_gpiote.o(i.channel_port_get) for channel_port_get
    nrf_drv_gpiote.o(i.nrf_drv_gpiote_in_uninit) refers to nrf_drv_gpiote.o(i.channel_free) for channel_free
    nrf_drv_gpiote.o(i.nrf_drv_gpiote_in_uninit) refers to nrf_drv_gpiote.o(.bss) for .bss
    nrf_drv_gpiote.o(i.nrf_drv_gpiote_init) refers to nrf_drv_gpiote.o(i.channel_free) for channel_free
    nrf_drv_gpiote.o(i.nrf_drv_gpiote_init) refers to nrf_drv_common.o(i.nrf_drv_common_irq_enable) for nrf_drv_common_irq_enable
    nrf_drv_gpiote.o(i.nrf_drv_gpiote_init) refers to nrf_drv_gpiote.o(.bss) for .bss
    nrf_drv_gpiote.o(i.nrf_drv_gpiote_is_init) refers to nrf_drv_gpiote.o(.bss) for .bss
    nrf_drv_gpiote.o(i.nrf_drv_gpiote_out_init) refers to nrf_drv_gpiote.o(i.channel_port_alloc) for channel_port_alloc
    nrf_drv_gpiote.o(i.nrf_drv_gpiote_out_init) refers to nrf_drv_gpiote.o(.bss) for .bss
    nrf_drv_gpiote.o(i.nrf_drv_gpiote_out_task_addr_get) refers to nrf_drv_gpiote.o(i.channel_port_get) for channel_port_get
    nrf_drv_gpiote.o(i.nrf_drv_gpiote_out_task_disable) refers to nrf_drv_gpiote.o(.bss) for .bss
    nrf_drv_gpiote.o(i.nrf_drv_gpiote_out_task_enable) refers to nrf_drv_gpiote.o(.bss) for .bss
    nrf_drv_gpiote.o(i.nrf_drv_gpiote_out_task_force) refers to nrf_drv_gpiote.o(.bss) for .bss
    nrf_drv_gpiote.o(i.nrf_drv_gpiote_out_task_trigger) refers to nrf_drv_gpiote.o(i.channel_port_get) for channel_port_get
    nrf_drv_gpiote.o(i.nrf_drv_gpiote_out_uninit) refers to nrf_drv_gpiote.o(i.pin_in_use_by_te) for pin_in_use_by_te
    nrf_drv_gpiote.o(i.nrf_drv_gpiote_out_uninit) refers to nrf_drv_gpiote.o(i.channel_free) for channel_free
    nrf_drv_gpiote.o(i.nrf_drv_gpiote_out_uninit) refers to nrf_drv_gpiote.o(.bss) for .bss
    nrf_drv_gpiote.o(i.nrf_drv_gpiote_uninit) refers to nrf_drv_gpiote.o(i.nrf_drv_gpiote_in_uninit) for nrf_drv_gpiote_in_uninit
    nrf_drv_gpiote.o(i.nrf_drv_gpiote_uninit) refers to nrf_drv_gpiote.o(i.nrf_drv_gpiote_out_uninit) for nrf_drv_gpiote_out_uninit
    nrf_drv_gpiote.o(i.nrf_drv_gpiote_uninit) refers to nrf_drv_gpiote.o(.bss) for .bss
    nrf_drv_gpiote.o(i.pin_in_use_by_port) refers to nrf_drv_gpiote.o(.bss) for .bss
    nrf_drv_gpiote.o(i.pin_in_use_by_te) refers to nrf_drv_gpiote.o(.bss) for .bss
    nrf_delay.o(i.nrf_delay_ms) refers to nrf_delay.o(.emb_text) for __asm___11_nrf_delay_c_532987f3__nrf_delay_us
    app_uart_fifo.o(i.UART0_IRQHandler) refers to app_fifo.o(i.app_fifo_put) for app_fifo_put
    app_uart_fifo.o(i.UART0_IRQHandler) refers to app_uart_fifo.o(i.on_uart_event) for on_uart_event
    app_uart_fifo.o(i.UART0_IRQHandler) refers to app_uart_fifo.o(.data) for .data
    app_uart_fifo.o(i.UART0_IRQHandler) refers to app_uart_fifo.o(.bss) for .bss
    app_uart_fifo.o(i.action_tx_send) refers to app_fifo.o(i.app_fifo_get) for app_fifo_get
    app_uart_fifo.o(i.action_tx_send) refers to app_uart_fifo.o(i.action_tx_stop) for action_tx_stop
    app_uart_fifo.o(i.action_tx_send) refers to app_uart_fifo.o(.data) for .data
    app_uart_fifo.o(i.action_tx_send) refers to app_uart_fifo.o(.bss) for .bss
    app_uart_fifo.o(i.action_tx_stop) refers to app_uart_fifo.o(.data) for .data
    app_uart_fifo.o(i.action_uart_deactivate) refers to app_uart_fifo.o(.data) for .data
    app_uart_fifo.o(i.app_uart_close) refers to app_uart_fifo.o(i.on_uart_event) for on_uart_event
    app_uart_fifo.o(i.app_uart_close) refers to nrf_drv_gpiote.o(i.nrf_drv_gpiote_in_uninit) for nrf_drv_gpiote_in_uninit
    app_uart_fifo.o(i.app_uart_flush) refers to app_fifo.o(i.app_fifo_flush) for app_fifo_flush
    app_uart_fifo.o(i.app_uart_flush) refers to app_uart_fifo.o(.bss) for .bss
    app_uart_fifo.o(i.app_uart_get) refers to app_fifo.o(i.app_fifo_get) for app_fifo_get
    app_uart_fifo.o(i.app_uart_get) refers to app_uart_fifo.o(.bss) for .bss
    app_uart_fifo.o(i.app_uart_get_connection_state) refers to app_uart_fifo.o(.data) for .data
    app_uart_fifo.o(i.app_uart_init) refers to app_fifo.o(i.app_fifo_init) for app_fifo_init
    app_uart_fifo.o(i.app_uart_init) refers to nrf_drv_gpiote.o(i.nrf_drv_gpiote_is_init) for nrf_drv_gpiote_is_init
    app_uart_fifo.o(i.app_uart_init) refers to nrf_drv_gpiote.o(i.nrf_drv_gpiote_init) for nrf_drv_gpiote_init
    app_uart_fifo.o(i.app_uart_init) refers to nrf_drv_gpiote.o(i.nrf_drv_gpiote_out_init) for nrf_drv_gpiote_out_init
    app_uart_fifo.o(i.app_uart_init) refers to nrf_drv_gpiote.o(i.nrf_drv_gpiote_in_init) for nrf_drv_gpiote_in_init
    app_uart_fifo.o(i.app_uart_init) refers to nrf_drv_gpiote.o(i.nrf_drv_gpiote_in_event_enable) for nrf_drv_gpiote_in_event_enable
    app_uart_fifo.o(i.app_uart_init) refers to nrf_drv_gpiote.o(i.nrf_drv_gpiote_in_is_set) for nrf_drv_gpiote_in_is_set
    app_uart_fifo.o(i.app_uart_init) refers to app_uart_fifo.o(i.on_uart_event) for on_uart_event
    app_uart_fifo.o(i.app_uart_init) refers to app_uart_fifo.o(.data) for .data
    app_uart_fifo.o(i.app_uart_init) refers to app_uart_fifo.o(.bss) for .bss
    app_uart_fifo.o(i.app_uart_init) refers to app_uart_fifo.o(.constdata) for .constdata
    app_uart_fifo.o(i.app_uart_init) refers to app_uart_fifo.o(i.gpiote_uart_event_handler) for gpiote_uart_event_handler
    app_uart_fifo.o(i.app_uart_put) refers to app_fifo.o(i.app_fifo_put) for app_fifo_put
    app_uart_fifo.o(i.app_uart_put) refers to app_uart_fifo.o(i.on_uart_event) for on_uart_event
    app_uart_fifo.o(i.app_uart_put) refers to app_uart_fifo.o(.bss) for .bss
    app_uart_fifo.o(i.gpiote_uart_event_handler) refers to nrf_drv_gpiote.o(i.nrf_drv_gpiote_in_is_set) for nrf_drv_gpiote_in_is_set
    app_uart_fifo.o(i.gpiote_uart_event_handler) refers to app_uart_fifo.o(i.on_uart_event) for on_uart_event
    app_uart_fifo.o(i.on_uart_event) refers to morse.o(i.__ARM_common_switch8) for __ARM_common_switch8
    app_uart_fifo.o(i.on_uart_event) refers to app_uart_fifo.o(i.action_tx_send) for action_tx_send
    app_uart_fifo.o(i.on_uart_event) refers to app_uart_fifo.o(i.action_uart_deactivate) for action_uart_deactivate
    app_uart_fifo.o(i.on_uart_event) refers to app_uart_fifo.o(i.action_tx_stop) for action_tx_stop
    app_uart_fifo.o(i.on_uart_event) refers to app_uart_fifo.o(.bss) for .bss
    app_uart_fifo.o(i.on_uart_event) refers to app_uart_fifo.o(.data) for .data
    app_button.o(i.app_button_disable) refers to nrf_drv_gpiote.o(i.nrf_drv_gpiote_in_event_disable) for nrf_drv_gpiote_in_event_disable
    app_button.o(i.app_button_disable) refers to app_timer.o(i.app_timer_stop) for app_timer_stop
    app_button.o(i.app_button_disable) refers to app_button.o(.data) for .data
    app_button.o(i.app_button_enable) refers to nrf_drv_gpiote.o(i.nrf_drv_gpiote_in_event_enable) for nrf_drv_gpiote_in_event_enable
    app_button.o(i.app_button_enable) refers to app_button.o(.data) for .data
    app_button.o(i.app_button_init) refers to nrf_drv_gpiote.o(i.nrf_drv_gpiote_is_init) for nrf_drv_gpiote_is_init
    app_button.o(i.app_button_init) refers to nrf_drv_gpiote.o(i.nrf_drv_gpiote_init) for nrf_drv_gpiote_init
    app_button.o(i.app_button_init) refers to nrf_drv_gpiote.o(i.nrf_drv_gpiote_in_init) for nrf_drv_gpiote_in_init
    app_button.o(i.app_button_init) refers to app_timer.o(i.app_timer_create) for app_timer_create
    app_button.o(i.app_button_init) refers to app_button.o(.data) for .data
    app_button.o(i.app_button_init) refers to app_button.o(.constdata) for .constdata
    app_button.o(i.app_button_init) refers to app_button.o(i.gpiote_event_handler) for gpiote_event_handler
    app_button.o(i.app_button_init) refers to app_button.o(i.detection_delay_timeout_handler) for detection_delay_timeout_handler
    app_button.o(i.app_button_is_pushed) refers to nrf_drv_gpiote.o(i.nrf_drv_gpiote_in_is_set) for nrf_drv_gpiote_in_is_set
    app_button.o(i.app_button_is_pushed) refers to app_button.o(.data) for .data
    app_button.o(i.detection_delay_timeout_handler) refers to nrf_drv_gpiote.o(i.nrf_drv_gpiote_in_is_set) for nrf_drv_gpiote_in_is_set
    app_button.o(i.detection_delay_timeout_handler) refers to app_button.o(.data) for .data
    app_button.o(i.gpiote_event_handler) refers to app_timer.o(i.app_timer_stop) for app_timer_stop
    app_button.o(i.gpiote_event_handler) refers to nrf_drv_gpiote.o(i.nrf_drv_gpiote_in_is_set) for nrf_drv_gpiote_in_is_set
    app_button.o(i.gpiote_event_handler) refers to app_timer.o(i.app_timer_start) for app_timer_start
    app_button.o(i.gpiote_event_handler) refers to app_button.o(.data) for .data
    app_scheduler.o(i.app_sched_event_get) refers to app_scheduler.o(.data) for .data
    app_scheduler.o(i.app_sched_event_put) refers to app_error.o(i.app_error_handler) for app_error_handler
    app_scheduler.o(i.app_sched_event_put) refers to memcpya.o(.text) for __aeabi_memcpy
    app_scheduler.o(i.app_sched_event_put) refers to app_scheduler.o(.data) for .data
    app_scheduler.o(i.app_sched_execute) refers to app_scheduler.o(i.app_sched_event_get) for app_sched_event_get
    app_scheduler.o(i.app_sched_init) refers to app_scheduler.o(.data) for .data
    app_timer.o(i.RTC1_IRQHandler) refers to app_timer.o(i.timer_timeouts_check) for timer_timeouts_check
    app_timer.o(i.SWI0_IRQHandler) refers to app_timer.o(i.elapsed_ticks_acquire) for elapsed_ticks_acquire
    app_timer.o(i.SWI0_IRQHandler) refers to app_timer.o(i.list_deletions_handler) for list_deletions_handler
    app_timer.o(i.SWI0_IRQHandler) refers to app_timer.o(i.expired_timers_handler) for expired_timers_handler
    app_timer.o(i.SWI0_IRQHandler) refers to app_timer.o(i.list_insertions_handler) for list_insertions_handler
    app_timer.o(i.SWI0_IRQHandler) refers to app_timer.o(i.compare_reg_update) for compare_reg_update
    app_timer.o(i.SWI0_IRQHandler) refers to app_timer.o(.data) for .data
    app_timer.o(i.app_timer_create) refers to app_timer.o(.data) for .data
    app_timer.o(i.app_timer_init) refers to app_timer.o(i.rtc1_stop) for rtc1_stop
    app_timer.o(i.app_timer_init) refers to app_timer.o(i.NVIC_SetPriority) for NVIC_SetPriority
    app_timer.o(i.app_timer_init) refers to app_timer.o(.data) for .data
    app_timer.o(i.app_timer_start) refers to app_timer.o(i.user_id_get) for user_id_get
    app_timer.o(i.app_timer_start) refers to app_timer.o(i.user_op_alloc) for user_op_alloc
    app_timer.o(i.app_timer_start) refers to app_timer.o(i.timer_list_handler_sched) for timer_list_handler_sched
    app_timer.o(i.app_timer_start) refers to app_timer.o(.data) for .data
    app_timer.o(i.app_timer_stop) refers to app_timer.o(i.user_id_get) for user_id_get
    app_timer.o(i.app_timer_stop) refers to app_timer.o(i.user_op_alloc) for user_op_alloc
    app_timer.o(i.app_timer_stop) refers to app_timer.o(i.timer_list_handler_sched) for timer_list_handler_sched
    app_timer.o(i.app_timer_stop) refers to app_timer.o(.data) for .data
    app_timer.o(i.app_timer_stop_all) refers to app_timer.o(i.user_id_get) for user_id_get
    app_timer.o(i.app_timer_stop_all) refers to app_timer.o(i.user_op_alloc) for user_op_alloc
    app_timer.o(i.app_timer_stop_all) refers to app_timer.o(i.timer_list_handler_sched) for timer_list_handler_sched
    app_timer.o(i.app_timer_stop_all) refers to app_timer.o(.data) for .data
    app_timer.o(i.compare_reg_update) refers to app_timer.o(.emb_text) for __asm___11_app_timer_c_cd27f9c3__nrf_delay_us
    app_timer.o(i.compare_reg_update) refers to app_timer.o(i.rtc1_stop) for rtc1_stop
    app_timer.o(i.compare_reg_update) refers to app_timer.o(.data) for .data
    app_timer.o(i.elapsed_ticks_acquire) refers to app_timer.o(.data) for .data
    app_timer.o(i.expired_timers_handler) refers to app_timer.o(.data) for .data
    app_timer.o(i.list_deletions_handler) refers to app_timer.o(i.timer_list_remove) for timer_list_remove
    app_timer.o(i.list_deletions_handler) refers to app_timer.o(.data) for .data
    app_timer.o(i.list_insertions_handler) refers to app_timer.o(i.timer_list_insert) for timer_list_insert
    app_timer.o(i.list_insertions_handler) refers to app_timer.o(.data) for .data
    app_timer.o(i.rtc1_stop) refers to app_timer.o(.emb_text) for __asm___11_app_timer_c_cd27f9c3__nrf_delay_us
    app_timer.o(i.rtc1_stop) refers to app_timer.o(.data) for .data
    app_timer.o(i.timer_list_insert) refers to app_timer.o(.data) for .data
    app_timer.o(i.timer_list_remove) refers to app_timer.o(.data) for .data
    app_timer.o(i.timer_timeouts_check) refers to app_error.o(i.app_error_handler) for app_error_handler
    app_timer.o(i.timer_timeouts_check) refers to app_timer.o(i.timer_list_handler_sched) for timer_list_handler_sched
    app_timer.o(i.timer_timeouts_check) refers to app_timer.o(.data) for .data
    app_timer_appsh.o(i.app_timer_evt_get) refers to app_error.o(i.app_error_handler) for app_error_handler
    app_timer_appsh.o(i.app_timer_evt_schedule) refers to app_scheduler.o(i.app_sched_event_put) for app_sched_event_put
    app_timer_appsh.o(i.app_timer_evt_schedule) refers to app_timer_appsh.o(i.app_timer_evt_get) for app_timer_evt_get
    retarget.o(i.fgetc) refers to app_uart_fifo.o(i.app_uart_get) for app_uart_get
    retarget.o(i.fputc) refers to app_uart_fifo.o(i.app_uart_put) for app_uart_put
    entry.o(.ARM.Collect$$$$00000000) refers (Special) to entry10a.o(.ARM.Collect$$$$0000000D) for __rt_final_cpp
    entry.o(.ARM.Collect$$$$00000000) refers (Special) to entry11a.o(.ARM.Collect$$$$0000000F) for __rt_final_exit
    entry.o(.ARM.Collect$$$$00000000) refers (Special) to entry7b.o(.ARM.Collect$$$$00000008) for _main_clock
    entry.o(.ARM.Collect$$$$00000000) refers (Special) to entry8b.o(.ARM.Collect$$$$0000000A) for _main_cpp_init
    entry.o(.ARM.Collect$$$$00000000) refers (Special) to entry9a.o(.ARM.Collect$$$$0000000B) for _main_init
    entry.o(.ARM.Collect$$$$00000000) refers (Special) to entry5.o(.ARM.Collect$$$$00000004) for _main_scatterload
    entry.o(.ARM.Collect$$$$00000000) refers (Special) to entry2.o(.ARM.Collect$$$$00000001) for _main_stk
    idiv.o(.text) refers to uidiv.o(.text) for __aeabi_uidivmod
    printfb.o(i.__0fprintf$bare) refers to printfb.o(i._printf_core) for _printf_core
    printfb.o(i.__0fprintf$bare) refers to retarget.o(i.fputc) for fputc
    printfb.o(i.__0printf$bare) refers to printfb.o(i._printf_core) for _printf_core
    printfb.o(i.__0printf$bare) refers to retarget.o(i.fputc) for fputc
    printfb.o(i.__0printf$bare) refers to retarget.o(.data) for __stdout
    printfb.o(i.__0snprintf$bare) refers to printfb.o(i._printf_core) for _printf_core
    printfb.o(i.__0snprintf$bare) refers to printfb.o(i._snputc) for _snputc
    printfb.o(i.__0sprintf$bare) refers to printfb.o(i._printf_core) for _printf_core
    printfb.o(i.__0sprintf$bare) refers to printfb.o(i._sputc) for _sputc
    printfb.o(i.__0vfprintf$bare) refers to printfb.o(i._printf_core) for _printf_core
    printfb.o(i.__0vfprintf$bare) refers to retarget.o(i.fputc) for fputc
    printfb.o(i.__0vprintf$bare) refers to printfb.o(i._printf_core) for _printf_core
    printfb.o(i.__0vprintf$bare) refers to retarget.o(i.fputc) for fputc
    printfb.o(i.__0vprintf$bare) refers to retarget.o(.data) for __stdout
    printfb.o(i.__0vsnprintf$bare) refers to printfb.o(i._printf_core) for _printf_core
    printfb.o(i.__0vsnprintf$bare) refers to printfb.o(i._snputc) for _snputc
    printfb.o(i.__0vsprintf$bare) refers to printfb.o(i._printf_core) for _printf_core
    printfb.o(i.__0vsprintf$bare) refers to printfb.o(i._sputc) for _sputc
    printf0.o(i.__0fprintf$0) refers to printf0.o(i._printf_core) for _printf_core
    printf0.o(i.__0fprintf$0) refers to retarget.o(i.fputc) for fputc
    printf0.o(i.__0printf$0) refers to printf0.o(i._printf_core) for _printf_core
    printf0.o(i.__0printf$0) refers to retarget.o(i.fputc) for fputc
    printf0.o(i.__0printf$0) refers to retarget.o(.data) for __stdout
    printf0.o(i.__0snprintf$0) refers to printf0.o(i._printf_core) for _printf_core
    printf0.o(i.__0snprintf$0) refers to printf0.o(i._snputc) for _snputc
    printf0.o(i.__0sprintf$0) refers to printf0.o(i._printf_core) for _printf_core
    printf0.o(i.__0sprintf$0) refers to printf0.o(i._sputc) for _sputc
    printf0.o(i.__0vfprintf$0) refers to printf0.o(i._printf_core) for _printf_core
    printf0.o(i.__0vfprintf$0) refers to retarget.o(i.fputc) for fputc
    printf0.o(i.__0vprintf$0) refers to printf0.o(i._printf_core) for _printf_core
    printf0.o(i.__0vprintf$0) refers to retarget.o(i.fputc) for fputc
    printf0.o(i.__0vprintf$0) refers to retarget.o(.data) for __stdout
    printf0.o(i.__0vsnprintf$0) refers to printf0.o(i._printf_core) for _printf_core
    printf0.o(i.__0vsnprintf$0) refers to printf0.o(i._snputc) for _snputc
    printf0.o(i.__0vsprintf$0) refers to printf0.o(i._printf_core) for _printf_core
    printf0.o(i.__0vsprintf$0) refers to printf0.o(i._sputc) for _sputc
    printf1.o(i.__0fprintf$1) refers to printf1.o(i._printf_core) for _printf_core
    printf1.o(i.__0fprintf$1) refers to retarget.o(i.fputc) for fputc
    printf1.o(i.__0printf$1) refers to printf1.o(i._printf_core) for _printf_core
    printf1.o(i.__0printf$1) refers to retarget.o(i.fputc) for fputc
    printf1.o(i.__0printf$1) refers to retarget.o(.data) for __stdout
    printf1.o(i.__0snprintf$1) refers to printf1.o(i._printf_core) for _printf_core
    printf1.o(i.__0snprintf$1) refers to printf1.o(i._snputc) for _snputc
    printf1.o(i.__0sprintf$1) refers to printf1.o(i._printf_core) for _printf_core
    printf1.o(i.__0sprintf$1) refers to printf1.o(i._sputc) for _sputc
    printf1.o(i.__0vfprintf$1) refers to printf1.o(i._printf_core) for _printf_core
    printf1.o(i.__0vfprintf$1) refers to retarget.o(i.fputc) for fputc
    printf1.o(i.__0vprintf$1) refers to printf1.o(i._printf_core) for _printf_core
    printf1.o(i.__0vprintf$1) refers to retarget.o(i.fputc) for fputc
    printf1.o(i.__0vprintf$1) refers to retarget.o(.data) for __stdout
    printf1.o(i.__0vsnprintf$1) refers to printf1.o(i._printf_core) for _printf_core
    printf1.o(i.__0vsnprintf$1) refers to printf1.o(i._snputc) for _snputc
    printf1.o(i.__0vsprintf$1) refers to printf1.o(i._printf_core) for _printf_core
    printf1.o(i.__0vsprintf$1) refers to printf1.o(i._sputc) for _sputc
    printf1.o(i._printf_core) refers to uidiv.o(.text) for __aeabi_uidivmod
    printf2.o(i.__0fprintf$2) refers to printf2.o(i._printf_core) for _printf_core
    printf2.o(i.__0fprintf$2) refers to retarget.o(i.fputc) for fputc
    printf2.o(i.__0printf$2) refers to printf2.o(i._printf_core) for _printf_core
    printf2.o(i.__0printf$2) refers to retarget.o(i.fputc) for fputc
    printf2.o(i.__0printf$2) refers to retarget.o(.data) for __stdout
    printf2.o(i.__0snprintf$2) refers to printf2.o(i._printf_core) for _printf_core
    printf2.o(i.__0snprintf$2) refers to printf2.o(i._snputc) for _snputc
    printf2.o(i.__0sprintf$2) refers to printf2.o(i._printf_core) for _printf_core
    printf2.o(i.__0sprintf$2) refers to printf2.o(i._sputc) for _sputc
    printf2.o(i.__0vfprintf$2) refers to printf2.o(i._printf_core) for _printf_core
    printf2.o(i.__0vfprintf$2) refers to retarget.o(i.fputc) for fputc
    printf2.o(i.__0vprintf$2) refers to printf2.o(i._printf_core) for _printf_core
    printf2.o(i.__0vprintf$2) refers to retarget.o(i.fputc) for fputc
    printf2.o(i.__0vprintf$2) refers to retarget.o(.data) for __stdout
    printf2.o(i.__0vsnprintf$2) refers to printf2.o(i._printf_core) for _printf_core
    printf2.o(i.__0vsnprintf$2) refers to printf2.o(i._snputc) for _snputc
    printf2.o(i.__0vsprintf$2) refers to printf2.o(i._printf_core) for _printf_core
    printf2.o(i.__0vsprintf$2) refers to printf2.o(i._sputc) for _sputc
    printf3.o(i.__0fprintf$3) refers to printf3.o(i._printf_core) for _printf_core
    printf3.o(i.__0fprintf$3) refers to retarget.o(i.fputc) for fputc
    printf3.o(i.__0printf$3) refers to printf3.o(i._printf_core) for _printf_core
    printf3.o(i.__0printf$3) refers to retarget.o(i.fputc) for fputc
    printf3.o(i.__0printf$3) refers to retarget.o(.data) for __stdout
    printf3.o(i.__0snprintf$3) refers to printf3.o(i._printf_core) for _printf_core
    printf3.o(i.__0snprintf$3) refers to printf3.o(i._snputc) for _snputc
    printf3.o(i.__0sprintf$3) refers to printf3.o(i._printf_core) for _printf_core
    printf3.o(i.__0sprintf$3) refers to printf3.o(i._sputc) for _sputc
    printf3.o(i.__0vfprintf$3) refers to printf3.o(i._printf_core) for _printf_core
    printf3.o(i.__0vfprintf$3) refers to retarget.o(i.fputc) for fputc
    printf3.o(i.__0vprintf$3) refers to printf3.o(i._printf_core) for _printf_core
    printf3.o(i.__0vprintf$3) refers to retarget.o(i.fputc) for fputc
    printf3.o(i.__0vprintf$3) refers to retarget.o(.data) for __stdout
    printf3.o(i.__0vsnprintf$3) refers to printf3.o(i._printf_core) for _printf_core
    printf3.o(i.__0vsnprintf$3) refers to printf3.o(i._snputc) for _snputc
    printf3.o(i.__0vsprintf$3) refers to printf3.o(i._printf_core) for _printf_core
    printf3.o(i.__0vsprintf$3) refers to printf3.o(i._sputc) for _sputc
    printf3.o(i._printf_core) refers to uidiv.o(.text) for __aeabi_uidivmod
    printf4.o(i.__0fprintf$4) refers to printf4.o(i._printf_core) for _printf_core
    printf4.o(i.__0fprintf$4) refers to retarget.o(i.fputc) for fputc
    printf4.o(i.__0printf$4) refers to printf4.o(i._printf_core) for _printf_core
    printf4.o(i.__0printf$4) refers to retarget.o(i.fputc) for fputc
    printf4.o(i.__0printf$4) refers to retarget.o(.data) for __stdout
    printf4.o(i.__0snprintf$4) refers to printf4.o(i._printf_core) for _printf_core
    printf4.o(i.__0snprintf$4) refers to printf4.o(i._snputc) for _snputc
    printf4.o(i.__0sprintf$4) refers to printf4.o(i._printf_core) for _printf_core
    printf4.o(i.__0sprintf$4) refers to printf4.o(i._sputc) for _sputc
    printf4.o(i.__0vfprintf$4) refers to printf4.o(i._printf_core) for _printf_core
    printf4.o(i.__0vfprintf$4) refers to retarget.o(i.fputc) for fputc
    printf4.o(i.__0vprintf$4) refers to printf4.o(i._printf_core) for _printf_core
    printf4.o(i.__0vprintf$4) refers to retarget.o(i.fputc) for fputc
    printf4.o(i.__0vprintf$4) refers to retarget.o(.data) for __stdout
    printf4.o(i.__0vsnprintf$4) refers to printf4.o(i._printf_core) for _printf_core
    printf4.o(i.__0vsnprintf$4) refers to printf4.o(i._snputc) for _snputc
    printf4.o(i.__0vsprintf$4) refers to printf4.o(i._printf_core) for _printf_core
    printf4.o(i.__0vsprintf$4) refers to printf4.o(i._sputc) for _sputc
    printf4.o(i._printf_core) refers to uldiv.o(.text) for __aeabi_uldivmod
    printf5.o(i.__0fprintf$5) refers to printf5.o(i._printf_core) for _printf_core
    printf5.o(i.__0fprintf$5) refers to retarget.o(i.fputc) for fputc
    printf5.o(i.__0printf$5) refers to printf5.o(i._printf_core) for _printf_core
    printf5.o(i.__0printf$5) refers to retarget.o(i.fputc) for fputc
    printf5.o(i.__0printf$5) refers to retarget.o(.data) for __stdout
    printf5.o(i.__0snprintf$5) refers to printf5.o(i._printf_core) for _printf_core
    printf5.o(i.__0snprintf$5) refers to printf5.o(i._snputc) for _snputc
    printf5.o(i.__0sprintf$5) refers to printf5.o(i._printf_core) for _printf_core
    printf5.o(i.__0sprintf$5) refers to printf5.o(i._sputc) for _sputc
    printf5.o(i.__0vfprintf$5) refers to printf5.o(i._printf_core) for _printf_core
    printf5.o(i.__0vfprintf$5) refers to retarget.o(i.fputc) for fputc
    printf5.o(i.__0vprintf$5) refers to printf5.o(i._printf_core) for _printf_core
    printf5.o(i.__0vprintf$5) refers to retarget.o(i.fputc) for fputc
    printf5.o(i.__0vprintf$5) refers to retarget.o(.data) for __stdout
    printf5.o(i.__0vsnprintf$5) refers to printf5.o(i._printf_core) for _printf_core
    printf5.o(i.__0vsnprintf$5) refers to printf5.o(i._snputc) for _snputc
    printf5.o(i.__0vsprintf$5) refers to printf5.o(i._printf_core) for _printf_core
    printf5.o(i.__0vsprintf$5) refers to printf5.o(i._sputc) for _sputc
    printf5.o(i._printf_core) refers to uldiv.o(.text) for __aeabi_uldivmod
    printf6.o(i.__0fprintf$6) refers to printf6.o(i._printf_core) for _printf_core
    printf6.o(i.__0fprintf$6) refers to retarget.o(i.fputc) for fputc
    printf6.o(i.__0printf$6) refers to printf6.o(i._printf_core) for _printf_core
    printf6.o(i.__0printf$6) refers to retarget.o(i.fputc) for fputc
    printf6.o(i.__0printf$6) refers to retarget.o(.data) for __stdout
    printf6.o(i.__0snprintf$6) refers to printf6.o(i._printf_core) for _printf_core
    printf6.o(i.__0snprintf$6) refers to printf6.o(i._snputc) for _snputc
    printf6.o(i.__0sprintf$6) refers to printf6.o(i._printf_core) for _printf_core
    printf6.o(i.__0sprintf$6) refers to printf6.o(i._sputc) for _sputc
    printf6.o(i.__0vfprintf$6) refers to printf6.o(i._printf_core) for _printf_core
    printf6.o(i.__0vfprintf$6) refers to retarget.o(i.fputc) for fputc
    printf6.o(i.__0vprintf$6) refers to printf6.o(i._printf_core) for _printf_core
    printf6.o(i.__0vprintf$6) refers to retarget.o(i.fputc) for fputc
    printf6.o(i.__0vprintf$6) refers to retarget.o(.data) for __stdout
    printf6.o(i.__0vsnprintf$6) refers to printf6.o(i._printf_core) for _printf_core
    printf6.o(i.__0vsnprintf$6) refers to printf6.o(i._snputc) for _snputc
    printf6.o(i.__0vsprintf$6) refers to printf6.o(i._printf_core) for _printf_core
    printf6.o(i.__0vsprintf$6) refers to printf6.o(i._sputc) for _sputc
    printf6.o(i._printf_core) refers to printf6.o(i._printf_pre_padding) for _printf_pre_padding
    printf6.o(i._printf_core) refers to printf6.o(i._printf_post_padding) for _printf_post_padding
    printf6.o(i._printf_core) refers to uidiv.o(.text) for __aeabi_uidivmod
    printf7.o(i.__0fprintf$7) refers to printf7.o(i._printf_core) for _printf_core
    printf7.o(i.__0fprintf$7) refers to retarget.o(i.fputc) for fputc
    printf7.o(i.__0printf$7) refers to printf7.o(i._printf_core) for _printf_core
    printf7.o(i.__0printf$7) refers to retarget.o(i.fputc) for fputc
    printf7.o(i.__0printf$7) refers to retarget.o(.data) for __stdout
    printf7.o(i.__0snprintf$7) refers to printf7.o(i._printf_core) for _printf_core
    printf7.o(i.__0snprintf$7) refers to printf7.o(i._snputc) for _snputc
    printf7.o(i.__0sprintf$7) refers to printf7.o(i._printf_core) for _printf_core
    printf7.o(i.__0sprintf$7) refers to printf7.o(i._sputc) for _sputc
    printf7.o(i.__0vfprintf$7) refers to printf7.o(i._printf_core) for _printf_core
    printf7.o(i.__0vfprintf$7) refers to retarget.o(i.fputc) for fputc
    printf7.o(i.__0vprintf$7) refers to printf7.o(i._printf_core) for _printf_core
    printf7.o(i.__0vprintf$7) refers to retarget.o(i.fputc) for fputc
    printf7.o(i.__0vprintf$7) refers to retarget.o(.data) for __stdout
    printf7.o(i.__0vsnprintf$7) refers to printf7.o(i._printf_core) for _printf_core
    printf7.o(i.__0vsnprintf$7) refers to printf7.o(i._snputc) for _snputc
    printf7.o(i.__0vsprintf$7) refers to printf7.o(i._printf_core) for _printf_core
    printf7.o(i.__0vsprintf$7) refers to printf7.o(i._sputc) for _sputc
    printf7.o(i._printf_core) refers to printf7.o(i._printf_pre_padding) for _printf_pre_padding
    printf7.o(i._printf_core) refers to printf7.o(i._printf_post_padding) for _printf_post_padding
    printf7.o(i._printf_core) refers to uldiv.o(.text) for __aeabi_uldivmod
    printf8.o(i.__0fprintf$8) refers to printf8.o(i._printf_core) for _printf_core
    printf8.o(i.__0fprintf$8) refers to retarget.o(i.fputc) for fputc
    printf8.o(i.__0printf$8) refers to printf8.o(i._printf_core) for _printf_core
    printf8.o(i.__0printf$8) refers to retarget.o(i.fputc) for fputc
    printf8.o(i.__0printf$8) refers to retarget.o(.data) for __stdout
    printf8.o(i.__0snprintf$8) refers to printf8.o(i._printf_core) for _printf_core
    printf8.o(i.__0snprintf$8) refers to printf8.o(i._snputc) for _snputc
    printf8.o(i.__0sprintf$8) refers to printf8.o(i._printf_core) for _printf_core
    printf8.o(i.__0sprintf$8) refers to printf8.o(i._sputc) for _sputc
    printf8.o(i.__0vfprintf$8) refers to printf8.o(i._printf_core) for _printf_core
    printf8.o(i.__0vfprintf$8) refers to retarget.o(i.fputc) for fputc
    printf8.o(i.__0vprintf$8) refers to printf8.o(i._printf_core) for _printf_core
    printf8.o(i.__0vprintf$8) refers to retarget.o(i.fputc) for fputc
    printf8.o(i.__0vprintf$8) refers to retarget.o(.data) for __stdout
    printf8.o(i.__0vsnprintf$8) refers to printf8.o(i._printf_core) for _printf_core
    printf8.o(i.__0vsnprintf$8) refers to printf8.o(i._snputc) for _snputc
    printf8.o(i.__0vsprintf$8) refers to printf8.o(i._printf_core) for _printf_core
    printf8.o(i.__0vsprintf$8) refers to printf8.o(i._sputc) for _sputc
    printf8.o(i._printf_core) refers to printf8.o(i._printf_pre_padding) for _printf_pre_padding
    printf8.o(i._printf_core) refers to printf8.o(i._printf_post_padding) for _printf_post_padding
    printf8.o(i._printf_core) refers to uldiv.o(.text) for __aeabi_uldivmod
    printfa.o(i.__0fprintf) refers (Special) to iusefp.o(.text) for __I$use$fp
    printfa.o(i.__0fprintf) refers to printfa.o(i._printf_core) for _printf_core
    printfa.o(i.__0fprintf) refers to retarget.o(i.fputc) for fputc
    printfa.o(i.__0printf) refers (Special) to iusefp.o(.text) for __I$use$fp
    printfa.o(i.__0printf) refers to printfa.o(i._printf_core) for _printf_core
    printfa.o(i.__0printf) refers to retarget.o(i.fputc) for fputc
    printfa.o(i.__0printf) refers to retarget.o(.data) for __stdout
    printfa.o(i.__0snprintf) refers (Special) to iusefp.o(.text) for __I$use$fp
    printfa.o(i.__0snprintf) refers to printfa.o(i._printf_core) for _printf_core
    printfa.o(i.__0snprintf) refers to printfa.o(i._snputc) for _snputc
    printfa.o(i.__0sprintf) refers (Special) to iusefp.o(.text) for __I$use$fp
    printfa.o(i.__0sprintf) refers to printfa.o(i._printf_core) for _printf_core
    printfa.o(i.__0sprintf) refers to printfa.o(i._sputc) for _sputc
    printfa.o(i.__0vfprintf) refers (Special) to iusefp.o(.text) for __I$use$fp
    printfa.o(i.__0vfprintf) refers to printfa.o(i._printf_core) for _printf_core
    printfa.o(i.__0vfprintf) refers to retarget.o(i.fputc) for fputc
    printfa.o(i.__0vprintf) refers (Special) to iusefp.o(.text) for __I$use$fp
    printfa.o(i.__0vprintf) refers to printfa.o(i._printf_core) for _printf_core
    printfa.o(i.__0vprintf) refers to retarget.o(i.fputc) for fputc
    printfa.o(i.__0vprintf) refers to retarget.o(.data) for __stdout
    printfa.o(i.__0vsnprintf) refers (Special) to iusefp.o(.text) for __I$use$fp
    printfa.o(i.__0vsnprintf) refers to printfa.o(i._printf_core) for _printf_core
    printfa.o(i.__0vsnprintf) refers to printfa.o(i._snputc) for _snputc
    printfa.o(i.__0vsprintf) refers (Special) to iusefp.o(.text) for __I$use$fp
    printfa.o(i.__0vsprintf) refers to printfa.o(i._printf_core) for _printf_core
    printfa.o(i.__0vsprintf) refers to printfa.o(i._sputc) for _sputc
    printfa.o(i._fp_digits) refers (Special) to iusefp.o(.text) for __I$use$fp
    printfa.o(i._fp_digits) refers to dmul.o(.text) for __aeabi_dmul
    printfa.o(i._fp_digits) refers to ddiv.o(.text) for __aeabi_ddiv
    printfa.o(i._fp_digits) refers to cdrcmple.o(.text) for __aeabi_cdrcmple
    printfa.o(i._fp_digits) refers to dadd.o(.text) for __aeabi_dadd
    printfa.o(i._fp_digits) refers to dfixul.o(.text) for __aeabi_d2ulz
    printfa.o(i._fp_digits) refers to uldiv.o(.text) for __aeabi_uldivmod
    printfa.o(i._printf_core) refers (Special) to iusefp.o(.text) for __I$use$fp
    printfa.o(i._printf_core) refers to printfa.o(i._printf_pre_padding) for _printf_pre_padding
    printfa.o(i._printf_core) refers to uldiv.o(.text) for __aeabi_uldivmod
    printfa.o(i._printf_core) refers to printfa.o(i._printf_post_padding) for _printf_post_padding
    printfa.o(i._printf_core) refers to printfa.o(i._fp_digits) for _fp_digits
    printfa.o(i._printf_core) refers to uidiv.o(.text) for __aeabi_uidivmod
    printfa.o(i._printf_post_padding) refers (Special) to iusefp.o(.text) for __I$use$fp
    printfa.o(i._printf_pre_padding) refers (Special) to iusefp.o(.text) for __I$use$fp
    printfa.o(i._snputc) refers (Special) to iusefp.o(.text) for __I$use$fp
    printfa.o(i._sputc) refers (Special) to iusefp.o(.text) for __I$use$fp
    entry2.o(.ARM.Collect$$$$00000001) refers to entry2.o(.ARM.Collect$$$$00002712) for __lit__00000000
    entry2.o(.ARM.Collect$$$$00002712) refers to arm_startup_nrf51.o(STACK) for __initial_sp
    entry2.o(__vectab_stack_and_reset_area) refers to arm_startup_nrf51.o(STACK) for __initial_sp
    entry2.o(__vectab_stack_and_reset_area) refers to entry.o(.ARM.Collect$$$$00000000) for __main
    entry5.o(.ARM.Collect$$$$00000004) refers to init.o(.text) for __scatterload
    entry9a.o(.ARM.Collect$$$$0000000B) refers to main.o(i.main) for main
    entry9b.o(.ARM.Collect$$$$0000000C) refers to main.o(i.main) for main
    uldiv.o(.text) refers to llushr.o(.text) for __aeabi_llsr
    uldiv.o(.text) refers to llshl.o(.text) for __aeabi_llsl
    dadd.o(.text) refers to llshl.o(.text) for __aeabi_llsl
    dadd.o(.text) refers to llsshr.o(.text) for __aeabi_lasr
    dadd.o(.text) refers to depilogue.o(.text) for _double_epilogue
    dmul.o(.text) refers to depilogue.o(.text) for _double_epilogue
    ddiv.o(.text) refers to depilogue.o(.text) for _double_round
    dfixul.o(.text) refers to llushr.o(.text) for __aeabi_llsr
    dfixul.o(.text) refers to llshl.o(.text) for __aeabi_llsl
    init.o(.text) refers to entry5.o(.ARM.Collect$$$$00000004) for __main_after_scatterload
    depilogue.o(.text) refers to depilogue.o(i.__ARM_clz) for __ARM_clz
    depilogue.o(.text) refers to llshl.o(.text) for __aeabi_llsl
    depilogue.o(.text) refers to llushr.o(.text) for __aeabi_llsr


==============================================================================

Removing Unused input sections from the image.

    Removing main.o(.rev16_text), (4 bytes).
    Removing main.o(.revsh_text), (4 bytes).
    Removing morse.o(.rev16_text), (4 bytes).
    Removing morse.o(.revsh_text), (4 bytes).
    Removing morse.o(.emb_text), (30 bytes).
    Removing morse.o(.data), (2 bytes).
    Removing timer_handler.o(.rev16_text), (4 bytes).
    Removing timer_handler.o(.revsh_text), (4 bytes).
    Removing led_handler.o(.rev16_text), (4 bytes).
    Removing led_handler.o(.revsh_text), (4 bytes).
    Removing led_handler.o(.emb_text), (30 bytes).
    Removing arm_startup_nrf51.o(HEAP), (2048 bytes).
    Removing system_nrf51.o(.rev16_text), (4 bytes).
    Removing system_nrf51.o(.revsh_text), (4 bytes).
    Removing system_nrf51.o(i.SystemCoreClockUpdate), (16 bytes).
    Removing nrf_drv_common.o(.rev16_text), (4 bytes).
    Removing nrf_drv_common.o(.revsh_text), (4 bytes).
    Removing nrf_drv_gpiote.o(.rev16_text), (4 bytes).
    Removing nrf_drv_gpiote.o(.revsh_text), (4 bytes).
    Removing nrf_drv_gpiote.o(i.nrf_drv_gpiote_in_event_addr_get), (24 bytes).
    Removing nrf_drv_gpiote.o(i.nrf_drv_gpiote_in_event_disable), (84 bytes).
    Removing nrf_drv_gpiote.o(i.nrf_drv_gpiote_in_uninit), (80 bytes).
    Removing nrf_drv_gpiote.o(i.nrf_drv_gpiote_out_task_addr_get), (20 bytes).
    Removing nrf_drv_gpiote.o(i.nrf_drv_gpiote_out_task_disable), (32 bytes).
    Removing nrf_drv_gpiote.o(i.nrf_drv_gpiote_out_task_enable), (48 bytes).
    Removing nrf_drv_gpiote.o(i.nrf_drv_gpiote_out_task_force), (48 bytes).
    Removing nrf_drv_gpiote.o(i.nrf_drv_gpiote_out_task_trigger), (24 bytes).
    Removing nrf_drv_gpiote.o(i.nrf_drv_gpiote_out_toggle), (28 bytes).
    Removing nrf_drv_gpiote.o(i.nrf_drv_gpiote_out_uninit), (48 bytes).
    Removing nrf_drv_gpiote.o(i.nrf_drv_gpiote_uninit), (52 bytes).
    Removing nrf_delay.o(.rev16_text), (4 bytes).
    Removing nrf_delay.o(.revsh_text), (4 bytes).
    Removing app_uart_fifo.o(.rev16_text), (4 bytes).
    Removing app_uart_fifo.o(.revsh_text), (4 bytes).
    Removing app_uart_fifo.o(i.app_uart_close), (36 bytes).
    Removing app_uart_fifo.o(i.app_uart_flush), (28 bytes).
    Removing app_uart_fifo.o(i.app_uart_get_connection_state), (20 bytes).
    Removing app_button.o(.rev16_text), (4 bytes).
    Removing app_button.o(.revsh_text), (4 bytes).
    Removing app_button.o(i.app_button_disable), (40 bytes).
    Removing app_button.o(i.app_button_enable), (36 bytes).
    Removing app_button.o(i.app_button_init), (120 bytes).
    Removing app_button.o(i.app_button_is_pushed), (44 bytes).
    Removing app_button.o(i.detection_delay_timeout_handler), (96 bytes).
    Removing app_button.o(i.gpiote_event_handler), (76 bytes).
    Removing app_button.o(.constdata), (4 bytes).
    Removing app_button.o(.data), (24 bytes).
    Removing app_error.o(.rev16_text), (4 bytes).
    Removing app_error.o(.revsh_text), (4 bytes).
    Removing app_fifo.o(i.app_fifo_flush), (8 bytes).
    Removing app_scheduler.o(.rev16_text), (4 bytes).
    Removing app_scheduler.o(.revsh_text), (4 bytes).
    Removing app_timer.o(.rev16_text), (4 bytes).
    Removing app_timer.o(.revsh_text), (4 bytes).
    Removing app_timer.o(i.app_timer_cnt_diff_compute), (12 bytes).
    Removing app_timer.o(i.app_timer_cnt_get), (16 bytes).
    Removing app_timer.o(i.app_timer_stop), (88 bytes).
    Removing app_timer.o(i.app_timer_stop_all), (68 bytes).
    Removing retarget.o(.rev16_text), (4 bytes).
    Removing retarget.o(.revsh_text), (4 bytes).
    Removing retarget.o(i.fgetc), (18 bytes).
    Removing retarget.o(.data), (4 bytes).
    Removing dadd.o(.text), (356 bytes).
    Removing dmul.o(.text), (208 bytes).
    Removing ddiv.o(.text), (240 bytes).
    Removing dfixul.o(.text), (64 bytes).
    Removing cdrcmple.o(.text), (40 bytes).
    Removing depilogue.o(.text), (190 bytes).
    Removing depilogue.o(i.__ARM_clz), (46 bytes).

69 unused section(s) (total 4608 bytes) removed from the image.

==============================================================================

Image Symbol Table

    Local Symbols

    Symbol Name                              Value     Ov Type        Size  Object(Section)

    ../clib/microlib/division.c              0x00000000   Number         0  idiv.o ABSOLUTE
    ../clib/microlib/division.c              0x00000000   Number         0  uidiv.o ABSOLUTE
    ../clib/microlib/division.c              0x00000000   Number         0  uldiv.o ABSOLUTE
    ../clib/microlib/init/entry.s            0x00000000   Number         0  entry11a.o ABSOLUTE
    ../clib/microlib/init/entry.s            0x00000000   Number         0  entry8a.o ABSOLUTE
    ../clib/microlib/init/entry.s            0x00000000   Number         0  entry9a.o ABSOLUTE
    ../clib/microlib/init/entry.s            0x00000000   Number         0  entry7a.o ABSOLUTE
    ../clib/microlib/init/entry.s            0x00000000   Number         0  entry10b.o ABSOLUTE
    ../clib/microlib/init/entry.s            0x00000000   Number         0  entry5.o ABSOLUTE
    ../clib/microlib/init/entry.s            0x00000000   Number         0  entry9b.o ABSOLUTE
    ../clib/microlib/init/entry.s            0x00000000   Number         0  entry.o ABSOLUTE
    ../clib/microlib/init/entry.s            0x00000000   Number         0  entry2.o ABSOLUTE
    ../clib/microlib/init/entry.s            0x00000000   Number         0  entry11b.o ABSOLUTE
    ../clib/microlib/init/entry.s            0x00000000   Number         0  entry7b.o ABSOLUTE
    ../clib/microlib/init/entry.s            0x00000000   Number         0  entry8b.o ABSOLUTE
    ../clib/microlib/init/entry.s            0x00000000   Number         0  entry10a.o ABSOLUTE
    ../clib/microlib/longlong.c              0x00000000   Number         0  llshl.o ABSOLUTE
    ../clib/microlib/longlong.c              0x00000000   Number         0  llushr.o ABSOLUTE
    ../clib/microlib/longlong.c              0x00000000   Number         0  llsshr.o ABSOLUTE
    ../clib/microlib/printf/printf.c         0x00000000   Number         0  printf6.o ABSOLUTE
    ../clib/microlib/printf/printf.c         0x00000000   Number         0  printf4.o ABSOLUTE
    ../clib/microlib/printf/printf.c         0x00000000   Number         0  printf2.o ABSOLUTE
    ../clib/microlib/printf/printf.c         0x00000000   Number         0  printf8.o ABSOLUTE
    ../clib/microlib/printf/printf.c         0x00000000   Number         0  printfb.o ABSOLUTE
    ../clib/microlib/printf/printf.c         0x00000000   Number         0  printf3.o ABSOLUTE
    ../clib/microlib/printf/printf.c         0x00000000   Number         0  printf0.o ABSOLUTE
    ../clib/microlib/printf/printf.c         0x00000000   Number         0  printf1.o ABSOLUTE
    ../clib/microlib/printf/printf.c         0x00000000   Number         0  printfa.o ABSOLUTE
    ../clib/microlib/printf/printf.c         0x00000000   Number         0  printf5.o ABSOLUTE
    ../clib/microlib/printf/printf.c         0x00000000   Number         0  printf7.o ABSOLUTE
    ../clib/microlib/printf/stubs.s          0x00000000   Number         0  stubs.o ABSOLUTE
    ../clib/microlib/string/memcpy.c         0x00000000   Number         0  memcpyb.o ABSOLUTE
    ../clib/microlib/string/memcpy.c         0x00000000   Number         0  memcpya.o ABSOLUTE
    ../clib/microlib/string/strlen.c         0x00000000   Number         0  strlen.o ABSOLUTE
    ../clib/microlib/stubs.s                 0x00000000   Number         0  iusefp.o ABSOLUTE
    ../fplib/microlib/fpadd.c                0x00000000   Number         0  dadd.o ABSOLUTE
    ../fplib/microlib/fpdiv.c                0x00000000   Number         0  ddiv.o ABSOLUTE
    ../fplib/microlib/fpepilogue.c           0x00000000   Number         0  depilogue.o ABSOLUTE
    ../fplib/microlib/fpfix.c                0x00000000   Number         0  dfixul.o ABSOLUTE
    ../fplib/microlib/fpmul.c                0x00000000   Number         0  dmul.o ABSOLUTE
    C:\Keil_v5\ARM\PACK\NordicSemiconductor\nRF_Drivers\3.0.0\common\nrf_drv_common.c 0x00000000   Number         0  nrf_drv_common.o ABSOLUTE
    C:\Keil_v5\ARM\PACK\NordicSemiconductor\nRF_Drivers\3.0.0\gpiote\nrf_drv_gpiote.c 0x00000000   Number         0  nrf_drv_gpiote.o ABSOLUTE
    C:\Keil_v5\ARM\PACK\NordicSemiconductor\nRF_Drivers\3.0.0\hal\nrf_delay.c 0x00000000   Number         0  nrf_delay.o ABSOLUTE
    C:\\Keil_v5\\ARM\\PACK\\NordicSemiconductor\\nRF_Drivers\\3.0.0\\common\\nrf_drv_common.c 0x00000000   Number         0  nrf_drv_common.o ABSOLUTE
    C:\\Keil_v5\\ARM\\PACK\\NordicSemiconductor\\nRF_Drivers\\3.0.0\\gpiote\\nrf_drv_gpiote.c 0x00000000   Number         0  nrf_drv_gpiote.o ABSOLUTE
    C:\\Keil_v5\\ARM\\PACK\\NordicSemiconductor\\nRF_Drivers\\3.0.0\\hal\\nrf_delay.c 0x00000000   Number         0  nrf_delay.o ABSOLUTE
    RTE\Device\nRF51422_xxAC\arm_startup_nrf51.s 0x00000000   Number         0  arm_startup_nrf51.o ABSOLUTE
    RTE\Device\nRF51422_xxAC\system_nrf51.c  0x00000000   Number         0  system_nrf51.o ABSOLUTE
    RTE\\Device\\nRF51422_xxAC\\system_nrf51.c 0x00000000   Number         0  system_nrf51.o ABSOLUTE
    RTE\\nRF_Drivers\\nRF51422_xxAC\\app_uart_fifo.c 0x00000000   Number         0  app_uart_fifo.o ABSOLUTE
    RTE\\nRF_Libraries\\nRF51422_xxAC\\app_button.c 0x00000000   Number         0  app_button.o ABSOLUTE
    RTE\\nRF_Libraries\\nRF51422_xxAC\\app_error.c 0x00000000   Number         0  app_error.o ABSOLUTE
    RTE\\nRF_Libraries\\nRF51422_xxAC\\app_scheduler.c 0x00000000   Number         0  app_scheduler.o ABSOLUTE
    RTE\\nRF_Libraries\\nRF51422_xxAC\\app_timer.c 0x00000000   Number         0  app_timer.o ABSOLUTE
    RTE\\nRF_Libraries\\nRF51422_xxAC\\retarget.c 0x00000000   Number         0  retarget.o ABSOLUTE
    RTE\nRF_Drivers\nRF51422_xxAC\app_uart_fifo.c 0x00000000   Number         0  app_uart_fifo.o ABSOLUTE
    RTE\nRF_Libraries\nRF51422_xxAC\app_button.c 0x00000000   Number         0  app_button.o ABSOLUTE
    RTE\nRF_Libraries\nRF51422_xxAC\app_error.c 0x00000000   Number         0  app_error.o ABSOLUTE
    RTE\nRF_Libraries\nRF51422_xxAC\app_fifo.c 0x00000000   Number         0  app_fifo.o ABSOLUTE
    RTE\nRF_Libraries\nRF51422_xxAC\app_scheduler.c 0x00000000   Number         0  app_scheduler.o ABSOLUTE
    RTE\nRF_Libraries\nRF51422_xxAC\app_timer.c 0x00000000   Number         0  app_timer.o ABSOLUTE
    RTE\nRF_Libraries\nRF51422_xxAC\app_timer_appsh.c 0x00000000   Number         0  app_timer_appsh.o ABSOLUTE
    RTE\nRF_Libraries\nRF51422_xxAC\nrf_assert.c 0x00000000   Number         0  nrf_assert.o ABSOLUTE
    RTE\nRF_Libraries\nRF51422_xxAC\retarget.c 0x00000000   Number         0  retarget.o ABSOLUTE
    cdrcmple.s                               0x00000000   Number         0  cdrcmple.o ABSOLUTE
    dc.s                                     0x00000000   Number         0  dc.o ABSOLUTE
    handlers.s                               0x00000000   Number         0  handlers.o ABSOLUTE
    init.s                                   0x00000000   Number         0  init.o ABSOLUTE
    led_handler.c                            0x00000000   Number         0  led_handler.o ABSOLUTE
    led_handler.c                            0x00000000   Number         0  led_handler.o ABSOLUTE
    main.c                                   0x00000000   Number         0  main.o ABSOLUTE
    main.c                                   0x00000000   Number         0  main.o ABSOLUTE
    morse.c                                  0x00000000   Number         0  morse.o ABSOLUTE
    morse.c                                  0x00000000   Number         0  morse.o ABSOLUTE
    timer_handler.c                          0x00000000   Number         0  timer_handler.o ABSOLUTE
    timer_handler.c                          0x00000000   Number         0  timer_handler.o ABSOLUTE
    RESET                                    0x00018000   Section      192  arm_startup_nrf51.o(RESET)
    .ARM.Collect$$$$00000000                 0x000180c0   Section        0  entry.o(.ARM.Collect$$$$00000000)
    .ARM.Collect$$$$00000001                 0x000180c0   Section        4  entry2.o(.ARM.Collect$$$$00000001)
    .ARM.Collect$$$$00000004                 0x000180c4   Section        4  entry5.o(.ARM.Collect$$$$00000004)
    .ARM.Collect$$$$00000008                 0x000180c8   Section        0  entry7b.o(.ARM.Collect$$$$00000008)
    .ARM.Collect$$$$0000000A                 0x000180c8   Section        0  entry8b.o(.ARM.Collect$$$$0000000A)
    .ARM.Collect$$$$0000000B                 0x000180c8   Section        8  entry9a.o(.ARM.Collect$$$$0000000B)
    .ARM.Collect$$$$0000000D                 0x000180d0   Section        0  entry10a.o(.ARM.Collect$$$$0000000D)
    .ARM.Collect$$$$0000000F                 0x000180d0   Section        0  entry11a.o(.ARM.Collect$$$$0000000F)
    .ARM.Collect$$$$00002712                 0x000180d0   Section        4  entry2.o(.ARM.Collect$$$$00002712)
    __lit__00000000                          0x000180d0   Data           4  entry2.o(.ARM.Collect$$$$00002712)
    .emb_text                                0x000180d4   Section       30  nrf_delay.o(.emb_text)
    .emb_text                                0x000180f4   Section       30  app_timer.o(.emb_text)
    .text                                    0x00018114   Section       56  arm_startup_nrf51.o(.text)
    .text                                    0x0001814c   Section        0  uidiv.o(.text)
    .text                                    0x00018178   Section        0  idiv.o(.text)
    .text                                    0x000181a0   Section        0  memcpya.o(.text)
    .text                                    0x000181c4   Section        0  strlen.o(.text)
    .text                                    0x000181d4   Section       36  init.o(.text)
    i.GPIOTE_IRQHandler                      0x000181f8   Section        0  nrf_drv_gpiote.o(i.GPIOTE_IRQHandler)
    i.NVIC_SetPriority                       0x000182fc   Section        0  app_timer.o(i.NVIC_SetPriority)
    NVIC_SetPriority                         0x000182fd   Thumb Code    60  app_timer.o(i.NVIC_SetPriority)
    i.RTC1_IRQHandler                        0x00018340   Section        0  app_timer.o(i.RTC1_IRQHandler)
    i.SWI0_IRQHandler                        0x00018360   Section        0  app_timer.o(i.SWI0_IRQHandler)
    i.SystemInit                             0x000183b4   Section        0  system_nrf51.o(i.SystemInit)
    i.UART0_IRQHandler                       0x00018408   Section        0  app_uart_fifo.o(i.UART0_IRQHandler)
    i.__0printf$3                            0x00018488   Section        0  printf3.o(i.__0printf$3)
    i.__ARM_common_switch8                   0x000184a8   Section        0  morse.o(i.__ARM_common_switch8)
    i.__scatterload_copy                     0x000184c2   Section       14  handlers.o(i.__scatterload_copy)
    i.__scatterload_null                     0x000184d0   Section        2  handlers.o(i.__scatterload_null)
    i.__scatterload_zeroinit                 0x000184d2   Section       14  handlers.o(i.__scatterload_zeroinit)
    i._printf_core                           0x000184e0   Section        0  printf3.o(i._printf_core)
    _printf_core                             0x000184e1   Thumb Code   456  printf3.o(i._printf_core)
    i.action_tx_send                         0x000186ac   Section        0  app_uart_fifo.o(i.action_tx_send)
    action_tx_send                           0x000186ad   Thumb Code    56  app_uart_fifo.o(i.action_tx_send)
    i.action_tx_stop                         0x000186f8   Section        0  app_uart_fifo.o(i.action_tx_stop)
    i.action_uart_deactivate                 0x0001871c   Section        0  app_uart_fifo.o(i.action_uart_deactivate)
    action_uart_deactivate                   0x0001871d   Thumb Code    20  app_uart_fifo.o(i.action_uart_deactivate)
    i.app_error_handler                      0x0001873c   Section        0  app_error.o(i.app_error_handler)
    i.app_fifo_get                           0x00018758   Section        0  app_fifo.o(i.app_fifo_get)
    i.app_fifo_init                          0x0001877a   Section        0  app_fifo.o(i.app_fifo_init)
    i.app_fifo_put                           0x0001879e   Section        0  app_fifo.o(i.app_fifo_put)
    i.app_sched_event_get                    0x000187c0   Section        0  app_scheduler.o(i.app_sched_event_get)
    app_sched_event_get                      0x000187c1   Thumb Code    62  app_scheduler.o(i.app_sched_event_get)
    i.app_sched_event_put                    0x00018804   Section        0  app_scheduler.o(i.app_sched_event_put)
    i.app_sched_execute                      0x00018904   Section        0  app_scheduler.o(i.app_sched_execute)
    i.app_sched_init                         0x00018924   Section        0  app_scheduler.o(i.app_sched_init)
    i.app_timer_create                       0x00018950   Section        0  app_timer.o(i.app_timer_create)
    i.app_timer_evt_get                      0x0001899c   Section        0  app_timer_appsh.o(i.app_timer_evt_get)
    app_timer_evt_get                        0x0001899d   Thumb Code    26  app_timer_appsh.o(i.app_timer_evt_get)
    i.app_timer_evt_schedule                 0x000189b8   Section        0  app_timer_appsh.o(i.app_timer_evt_schedule)
    i.app_timer_init                         0x000189d0   Section        0  app_timer.o(i.app_timer_init)
    i.app_timer_start                        0x00018a84   Section        0  app_timer.o(i.app_timer_start)
    i.app_uart_get                           0x00018b08   Section        0  app_uart_fifo.o(i.app_uart_get)
    i.app_uart_init                          0x00018b18   Section        0  app_uart_fifo.o(i.app_uart_init)
    i.app_uart_put                           0x00018cac   Section        0  app_uart_fifo.o(i.app_uart_put)
    i.channel_free                           0x00018cc8   Section        0  nrf_drv_gpiote.o(i.channel_free)
    channel_free                             0x00018cc9   Thumb Code    24  nrf_drv_gpiote.o(i.channel_free)
    i.channel_port_alloc                     0x00018ce4   Section        0  nrf_drv_gpiote.o(i.channel_port_alloc)
    channel_port_alloc                       0x00018ce5   Thumb Code    68  nrf_drv_gpiote.o(i.channel_port_alloc)
    i.channel_port_get                       0x00018d2c   Section        0  nrf_drv_gpiote.o(i.channel_port_get)
    channel_port_get                         0x00018d2d   Thumb Code    10  nrf_drv_gpiote.o(i.channel_port_get)
    i.compare_reg_update                     0x00018d3c   Section        0  app_timer.o(i.compare_reg_update)
    compare_reg_update                       0x00018d3d   Thumb Code   140  app_timer.o(i.compare_reg_update)
    i.elapsed_ticks_acquire                  0x00018de0   Section        0  app_timer.o(i.elapsed_ticks_acquire)
    elapsed_ticks_acquire                    0x00018de1   Thumb Code    58  app_timer.o(i.elapsed_ticks_acquire)
    i.expired_timers_handler                 0x00018e20   Section        0  app_timer.o(i.expired_timers_handler)
    expired_timers_handler                   0x00018e21   Thumb Code    82  app_timer.o(i.expired_timers_handler)
    i.fputc                                  0x00018e78   Section        0  retarget.o(i.fputc)
    i.get_char_morse                         0x00018e88   Section        0  morse.o(i.get_char_morse)
    i.gpiote_uart_event_handler              0x00018f58   Section        0  app_uart_fifo.o(i.gpiote_uart_event_handler)
    gpiote_uart_event_handler                0x00018f59   Thumb Code    22  app_uart_fifo.o(i.gpiote_uart_event_handler)
    i.is_manual_peripheral_setup_needed      0x00018f70   Section        0  system_nrf51.o(i.is_manual_peripheral_setup_needed)
    is_manual_peripheral_setup_needed        0x00018f71   Thumb Code    66  system_nrf51.o(i.is_manual_peripheral_setup_needed)
    i.led_init                               0x00018fb8   Section        0  led_handler.o(i.led_init)
    i.list_deletions_handler                 0x00018fec   Section        0  app_timer.o(i.list_deletions_handler)
    list_deletions_handler                   0x00018fed   Thumb Code   144  app_timer.o(i.list_deletions_handler)
    i.list_insertions_handler                0x00019080   Section        0  app_timer.o(i.list_insertions_handler)
    list_insertions_handler                  0x00019081   Thumb Code   230  app_timer.o(i.list_insertions_handler)
    i.main                                   0x00019170   Section        0  main.o(i.main)
    i.morse_generate                         0x000191ec   Section        0  morse.o(i.morse_generate)
    i.morse_led_indication                   0x00019244   Section        0  led_handler.o(i.morse_led_indication)
    i.nrf_delay_ms                           0x00019300   Section        0  nrf_delay.o(i.nrf_delay_ms)
    i.nrf_drv_common_irq_enable              0x0001931c   Section        0  nrf_drv_common.o(i.nrf_drv_common_irq_enable)
    i.nrf_drv_gpiote_in_event_enable         0x0001937c   Section        0  nrf_drv_gpiote.o(i.nrf_drv_gpiote_in_event_enable)
    i.nrf_drv_gpiote_in_init                 0x00019408   Section        0  nrf_drv_gpiote.o(i.nrf_drv_gpiote_in_init)
    i.nrf_drv_gpiote_in_is_set               0x0001949c   Section        0  nrf_drv_gpiote.o(i.nrf_drv_gpiote_in_is_set)
    i.nrf_drv_gpiote_init                    0x000194b0   Section        0  nrf_drv_gpiote.o(i.nrf_drv_gpiote_init)
    i.nrf_drv_gpiote_is_init                 0x00019500   Section        0  nrf_drv_gpiote.o(i.nrf_drv_gpiote_is_init)
    i.nrf_drv_gpiote_out_clear               0x00019510   Section        0  nrf_drv_gpiote.o(i.nrf_drv_gpiote_out_clear)
    i.nrf_drv_gpiote_out_init                0x00019520   Section        0  nrf_drv_gpiote.o(i.nrf_drv_gpiote_out_init)
    i.nrf_drv_gpiote_out_set                 0x000195b4   Section        0  nrf_drv_gpiote.o(i.nrf_drv_gpiote_out_set)
    i.nrf_gpio_cfg_sense_set                 0x000195c4   Section        0  nrf_drv_gpiote.o(i.nrf_gpio_cfg_sense_set)
    nrf_gpio_cfg_sense_set                   0x000195c5   Thumb Code    26  nrf_drv_gpiote.o(i.nrf_gpio_cfg_sense_set)
    i.nrf_gpiote_event_is_set                0x000195e4   Section        0  nrf_drv_gpiote.o(i.nrf_gpiote_event_is_set)
    nrf_gpiote_event_is_set                  0x000195e5   Thumb Code    14  nrf_drv_gpiote.o(i.nrf_gpiote_event_is_set)
    i.on_uart_event                          0x000195f8   Section        0  app_uart_fifo.o(i.on_uart_event)
    on_uart_event                            0x000195f9   Thumb Code   118  app_uart_fifo.o(i.on_uart_event)
    i.pin_in_use_by_port                     0x00019680   Section        0  nrf_drv_gpiote.o(i.pin_in_use_by_port)
    pin_in_use_by_port                       0x00019681   Thumb Code    20  nrf_drv_gpiote.o(i.pin_in_use_by_port)
    i.pin_in_use_by_te                       0x00019698   Section        0  nrf_drv_gpiote.o(i.pin_in_use_by_te)
    pin_in_use_by_te                         0x00019699   Thumb Code    20  nrf_drv_gpiote.o(i.pin_in_use_by_te)
    i.rtc1_stop                              0x000196b0   Section        0  app_timer.o(i.rtc1_stop)
    rtc1_stop                                0x000196b1   Thumb Code    50  app_timer.o(i.rtc1_stop)
    i.timer_init                             0x000196f4   Section        0  timer_handler.o(i.timer_init)
    i.timer_list_handler_sched               0x0001974c   Section        0  app_timer.o(i.timer_list_handler_sched)
    timer_list_handler_sched                 0x0001974d   Thumb Code    10  app_timer.o(i.timer_list_handler_sched)
    i.timer_list_insert                      0x0001975c   Section        0  app_timer.o(i.timer_list_insert)
    timer_list_insert                        0x0001975d   Thumb Code    94  app_timer.o(i.timer_list_insert)
    i.timer_list_remove                      0x000197c0   Section        0  app_timer.o(i.timer_list_remove)
    timer_list_remove                        0x000197c1   Thumb Code   104  app_timer.o(i.timer_list_remove)
    i.timer_timeouts_check                   0x00019830   Section        0  app_timer.o(i.timer_timeouts_check)
    timer_timeouts_check                     0x00019831   Thumb Code   120  app_timer.o(i.timer_timeouts_check)
    i.uart_event_handle                      0x000198b0   Section        0  main.o(i.uart_event_handle)
    i.user_id_get                            0x0001991c   Section        0  app_timer.o(i.user_id_get)
    user_id_get                              0x0001991d   Thumb Code    74  app_timer.o(i.user_id_get)
    i.user_op_alloc                          0x00019970   Section        0  app_timer.o(i.user_op_alloc)
    user_op_alloc                            0x00019971   Thumb Code    36  app_timer.o(i.user_op_alloc)
    .constdata                               0x00019994   Section       12  main.o(.constdata)
    .constdata                               0x000199a0   Section        3  led_handler.o(.constdata)
    .constdata                               0x000199a4   Section        8  app_uart_fifo.o(.constdata)
    .conststring                             0x000199ac   Section       84  main.o(.conststring)
    .data                                    0x20002000   Section        1  main.o(.data)
    index                                    0x20002000   Data           1  main.o(.data)
    .data                                    0x20002004   Section        4  morse.o(.data)
    morse_timer_id                           0x20002004   Data           4  morse.o(.data)
    .data                                    0x20002008   Section        4  timer_handler.o(.data)
    morse_timer_id                           0x20002008   Data           4  timer_handler.o(.data)
    .data                                    0x2000200c   Section        4  system_nrf51.o(.data)
    __tagsym$$used                           0x2000200c   Number         0  system_nrf51.o(.data)
    .data                                    0x20002010   Section        8  app_uart_fifo.o(.data)
    m_instance_counter                       0x20002010   Data           1  app_uart_fifo.o(.data)
    m_current_state                          0x20002011   Data           1  app_uart_fifo.o(.data)
    m_event_handler                          0x20002014   Data           4  app_uart_fifo.o(.data)
    .data                                    0x20002018   Section       16  app_scheduler.o(.data)
    m_queue_start_index                      0x20002018   Data           1  app_scheduler.o(.data)
    m_queue_end_index                        0x20002019   Data           1  app_scheduler.o(.data)
    m_queue_event_size                       0x2000201a   Data           2  app_scheduler.o(.data)
    m_queue_size                             0x2000201c   Data           2  app_scheduler.o(.data)
    m_queue_event_headers                    0x20002020   Data           4  app_scheduler.o(.data)
    m_queue_event_data                       0x20002024   Data           4  app_scheduler.o(.data)
    .data                                    0x20002028   Section       36  app_timer.o(.data)
    m_node_array_size                        0x20002028   Data           1  app_timer.o(.data)
    m_user_array_size                        0x20002029   Data           1  app_timer.o(.data)
    m_ticks_elapsed_q_read_ind               0x2000202a   Data           1  app_timer.o(.data)
    m_ticks_elapsed_q_write_ind              0x2000202b   Data           1  app_timer.o(.data)
    m_rtc1_running                           0x2000202c   Data           1  app_timer.o(.data)
    m_rtc1_reset                             0x2000202d   Data           1  app_timer.o(.data)
    mp_nodes                                 0x20002030   Data           4  app_timer.o(.data)
    mp_users                                 0x20002034   Data           4  app_timer.o(.data)
    m_timer_id_head                          0x20002038   Data           4  app_timer.o(.data)
    m_ticks_latest                           0x2000203c   Data           4  app_timer.o(.data)
    m_evt_schedule_func                      0x20002040   Data           4  app_timer.o(.data)
    m_ticks_elapsed                          0x20002044   Data           8  app_timer.o(.data)
    .data                                    0x2000204c   Section        4  retarget.o(.data)
    .bss                                     0x20002050   Section      788  main.o(.bss)
    data_array                               0x20002050   Data         100  main.o(.bss)
    rx_buf                                   0x200020b4   Data         256  main.o(.bss)
    tx_buf                                   0x200021b4   Data         256  main.o(.bss)
    APP_SCHED_BUF                            0x200022b4   Data         176  main.o(.bss)
    .bss                                     0x20002364   Section      202  morse.o(.bss)
    .bss                                     0x20002430   Section      656  timer_handler.o(.bss)
    APP_TIMER_BUF                            0x20002430   Data         656  timer_handler.o(.bss)
    .bss                                     0x200026c0   Section       60  nrf_drv_gpiote.o(.bss)
    m_cb                                     0x200026c0   Data          60  nrf_drv_gpiote.o(.bss)
    .bss                                     0x200026fc   Section       32  app_uart_fifo.o(.bss)
    m_rx_fifo                                0x200026fc   Data          16  app_uart_fifo.o(.bss)
    m_tx_fifo                                0x2000270c   Data          16  app_uart_fifo.o(.bss)
    STACK                                    0x20002720   Section     2048  arm_startup_nrf51.o(STACK)

    Global Symbols

    Symbol Name                              Value     Ov Type        Size  Object(Section)

    BuildAttributes$$THM_ISAv3M$S$PE$A:L22$X:L11$S22$IEEE1$IW$USESV6$~STKCKD$USESV7$~SHL$OSPACE$ROPI$EBA8$MICROLIB$REQ8$PRES8$EABIv2 0x00000000   Number         0  anon$$obj.o ABSOLUTE
    __ARM_use_no_argv                        0x00000000   Number         0  main.o ABSOLUTE
    _printf_a                                0x00000000   Number         0  stubs.o ABSOLUTE
    _printf_c                                0x00000000   Number         0  stubs.o ABSOLUTE
    _printf_charcount                        0x00000000   Number         0  stubs.o ABSOLUTE
    _printf_d                                0x00000000   Number         0  stubs.o ABSOLUTE
    _printf_e                                0x00000000   Number         0  stubs.o ABSOLUTE
    _printf_f                                0x00000000   Number         0  stubs.o ABSOLUTE
    _printf_flags                            0x00000000   Number         0  stubs.o ABSOLUTE
    _printf_fp_dec                           0x00000000   Number         0  stubs.o ABSOLUTE
    _printf_fp_hex                           0x00000000   Number         0  stubs.o ABSOLUTE
    _printf_g                                0x00000000   Number         0  stubs.o ABSOLUTE
    _printf_i                                0x00000000   Number         0  stubs.o ABSOLUTE
    _printf_int_dec                          0x00000000   Number         0  stubs.o ABSOLUTE
    _printf_l                                0x00000000   Number         0  stubs.o ABSOLUTE
    _printf_lc                               0x00000000   Number         0  stubs.o ABSOLUTE
    _printf_ll                               0x00000000   Number         0  stubs.o ABSOLUTE
    _printf_lld                              0x00000000   Number         0  stubs.o ABSOLUTE
    _printf_lli                              0x00000000   Number         0  stubs.o ABSOLUTE
    _printf_llo                              0x00000000   Number         0  stubs.o ABSOLUTE
    _printf_llu                              0x00000000   Number         0  stubs.o ABSOLUTE
    _printf_llx                              0x00000000   Number         0  stubs.o ABSOLUTE
    _printf_longlong_dec                     0x00000000   Number         0  stubs.o ABSOLUTE
    _printf_longlong_hex                     0x00000000   Number         0  stubs.o ABSOLUTE
    _printf_longlong_oct                     0x00000000   Number         0  stubs.o ABSOLUTE
    _printf_ls                               0x00000000   Number         0  stubs.o ABSOLUTE
    _printf_mbtowc                           0x00000000   Number         0  stubs.o ABSOLUTE
    _printf_n                                0x00000000   Number         0  stubs.o ABSOLUTE
    _printf_o                                0x00000000   Number         0  stubs.o ABSOLUTE
    _printf_p                                0x00000000   Number         0  stubs.o ABSOLUTE
    _printf_percent                          0x00000000   Number         0  stubs.o ABSOLUTE
    _printf_pre_padding                      0x00000000   Number         0  stubs.o ABSOLUTE
    _printf_return_value                     0x00000000   Number         0  stubs.o ABSOLUTE
    _printf_s                                0x00000000   Number         0  stubs.o ABSOLUTE
    _printf_sizespec                         0x00000000   Number         0  stubs.o ABSOLUTE
    _printf_str                              0x00000000   Number         0  stubs.o ABSOLUTE
    _printf_truncate_signed                  0x00000000   Number         0  stubs.o ABSOLUTE
    _printf_truncate_unsigned                0x00000000   Number         0  stubs.o ABSOLUTE
    _printf_u                                0x00000000   Number         0  stubs.o ABSOLUTE
    _printf_wc                               0x00000000   Number         0  stubs.o ABSOLUTE
    _printf_wctomb                           0x00000000   Number         0  stubs.o ABSOLUTE
    _printf_widthprec                        0x00000000   Number         0  stubs.o ABSOLUTE
    _printf_x                                0x00000000   Number         0  stubs.o ABSOLUTE
    __cpp_initialize__aeabi_                  - Undefined Weak Reference
    __cxa_finalize                            - Undefined Weak Reference
    __decompress                              - Undefined Weak Reference
    _clock_init                               - Undefined Weak Reference
    _microlib_exit                            - Undefined Weak Reference
    __Vectors_Size                           0x000000c0   Number         0  arm_startup_nrf51.o ABSOLUTE
    __Vectors                                0x00018000   Data           4  arm_startup_nrf51.o(RESET)
    __Vectors_End                            0x000180c0   Data           0  arm_startup_nrf51.o(RESET)
    __main                                   0x000180c1   Thumb Code     0  entry.o(.ARM.Collect$$$$00000000)
    _main_stk                                0x000180c1   Thumb Code     0  entry2.o(.ARM.Collect$$$$00000001)
    _main_scatterload                        0x000180c5   Thumb Code     0  entry5.o(.ARM.Collect$$$$00000004)
    __main_after_scatterload                 0x000180c9   Thumb Code     0  entry5.o(.ARM.Collect$$$$00000004)
    _main_clock                              0x000180c9   Thumb Code     0  entry7b.o(.ARM.Collect$$$$00000008)
    _main_cpp_init                           0x000180c9   Thumb Code     0  entry8b.o(.ARM.Collect$$$$0000000A)
    _main_init                               0x000180c9   Thumb Code     0  entry9a.o(.ARM.Collect$$$$0000000B)
    __rt_final_cpp                           0x000180d1   Thumb Code     0  entry10a.o(.ARM.Collect$$$$0000000D)
    __rt_final_exit                          0x000180d1   Thumb Code     0  entry11a.o(.ARM.Collect$$$$0000000F)
    __asm___11_nrf_delay_c_532987f3__nrf_delay_us 0x000180d5   Thumb Code    30  nrf_delay.o(.emb_text)
    __asm___11_app_timer_c_cd27f9c3__nrf_delay_us 0x000180f5   Thumb Code    30  app_timer.o(.emb_text)
    Reset_Handler                            0x00018115   Thumb Code    26  arm_startup_nrf51.o(.text)
    NMI_Handler                              0x0001812f   Thumb Code     2  arm_startup_nrf51.o(.text)
    HardFault_Handler                        0x00018131   Thumb Code     2  arm_startup_nrf51.o(.text)
    SVC_Handler                              0x00018133   Thumb Code     2  arm_startup_nrf51.o(.text)
    PendSV_Handler                           0x00018135   Thumb Code     2  arm_startup_nrf51.o(.text)
    SysTick_Handler                          0x00018137   Thumb Code     2  arm_startup_nrf51.o(.text)
    ADC_IRQHandler                           0x00018139   Thumb Code     0  arm_startup_nrf51.o(.text)
    CCM_AAR_IRQHandler                       0x00018139   Thumb Code     0  arm_startup_nrf51.o(.text)
    ECB_IRQHandler                           0x00018139   Thumb Code     0  arm_startup_nrf51.o(.text)
    LPCOMP_IRQHandler                        0x00018139   Thumb Code     0  arm_startup_nrf51.o(.text)
    POWER_CLOCK_IRQHandler                   0x00018139   Thumb Code     0  arm_startup_nrf51.o(.text)
    QDEC_IRQHandler                          0x00018139   Thumb Code     0  arm_startup_nrf51.o(.text)
    RADIO_IRQHandler                         0x00018139   Thumb Code     0  arm_startup_nrf51.o(.text)
    RNG_IRQHandler                           0x00018139   Thumb Code     0  arm_startup_nrf51.o(.text)
    RTC0_IRQHandler                          0x00018139   Thumb Code     0  arm_startup_nrf51.o(.text)
    SPI0_TWI0_IRQHandler                     0x00018139   Thumb Code     0  arm_startup_nrf51.o(.text)
    SPI1_TWI1_IRQHandler                     0x00018139   Thumb Code     0  arm_startup_nrf51.o(.text)
    SWI1_IRQHandler                          0x00018139   Thumb Code     0  arm_startup_nrf51.o(.text)
    SWI2_IRQHandler                          0x00018139   Thumb Code     0  arm_startup_nrf51.o(.text)
    SWI3_IRQHandler                          0x00018139   Thumb Code     0  arm_startup_nrf51.o(.text)
    SWI4_IRQHandler                          0x00018139   Thumb Code     0  arm_startup_nrf51.o(.text)
    SWI5_IRQHandler                          0x00018139   Thumb Code     0  arm_startup_nrf51.o(.text)
    TEMP_IRQHandler                          0x00018139   Thumb Code     0  arm_startup_nrf51.o(.text)
    TIMER0_IRQHandler                        0x00018139   Thumb Code     0  arm_startup_nrf51.o(.text)
    TIMER1_IRQHandler                        0x00018139   Thumb Code     0  arm_startup_nrf51.o(.text)
    TIMER2_IRQHandler                        0x00018139   Thumb Code     0  arm_startup_nrf51.o(.text)
    WDT_IRQHandler                           0x00018139   Thumb Code     0  arm_startup_nrf51.o(.text)
    __aeabi_uidiv                            0x0001814d   Thumb Code     0  uidiv.o(.text)
    __aeabi_uidivmod                         0x0001814d   Thumb Code    44  uidiv.o(.text)
    __aeabi_idiv                             0x00018179   Thumb Code     0  idiv.o(.text)
    __aeabi_idivmod                          0x00018179   Thumb Code    40  idiv.o(.text)
    __aeabi_memcpy                           0x000181a1   Thumb Code    36  memcpya.o(.text)
    __aeabi_memcpy4                          0x000181a1   Thumb Code     0  memcpya.o(.text)
    __aeabi_memcpy8                          0x000181a1   Thumb Code     0  memcpya.o(.text)
    strlen                                   0x000181c5   Thumb Code    14  strlen.o(.text)
    __scatterload                            0x000181d5   Thumb Code    28  init.o(.text)
    __scatterload_rt2                        0x000181d5   Thumb Code     0  init.o(.text)
    GPIOTE_IRQHandler                        0x000181f9   Thumb Code   232  nrf_drv_gpiote.o(i.GPIOTE_IRQHandler)
    RTC1_IRQHandler                          0x00018341   Thumb Code    28  app_timer.o(i.RTC1_IRQHandler)
    SWI0_IRQHandler                          0x00018361   Thumb Code    78  app_timer.o(i.SWI0_IRQHandler)
    SystemInit                               0x000183b5   Thumb Code    64  system_nrf51.o(i.SystemInit)
    UART0_IRQHandler                         0x00018409   Thumb Code   110  app_uart_fifo.o(i.UART0_IRQHandler)
    __0printf$3                              0x00018489   Thumb Code    24  printf3.o(i.__0printf$3)
    __1printf$3                              0x00018489   Thumb Code     0  printf3.o(i.__0printf$3)
    __2printf                                0x00018489   Thumb Code     0  printf3.o(i.__0printf$3)
    __ARM_common_switch8                     0x000184a9   Thumb Code    26  morse.o(i.__ARM_common_switch8)
    __scatterload_copy                       0x000184c3   Thumb Code    14  handlers.o(i.__scatterload_copy)
    __scatterload_null                       0x000184d1   Thumb Code     2  handlers.o(i.__scatterload_null)
    __scatterload_zeroinit                   0x000184d3   Thumb Code    14  handlers.o(i.__scatterload_zeroinit)
    action_tx_stop                           0x000186f9   Thumb Code    26  app_uart_fifo.o(i.action_tx_stop)
    app_error_handler                        0x0001873d   Thumb Code    18  app_error.o(i.app_error_handler)
    app_fifo_get                             0x00018759   Thumb Code    34  app_fifo.o(i.app_fifo_get)
    app_fifo_init                            0x0001877b   Thumb Code    36  app_fifo.o(i.app_fifo_init)
    app_fifo_put                             0x0001879f   Thumb Code    34  app_fifo.o(i.app_fifo_put)
    app_sched_event_put                      0x00018805   Thumb Code   240  app_scheduler.o(i.app_sched_event_put)
    app_sched_execute                        0x00018905   Thumb Code    30  app_scheduler.o(i.app_sched_execute)
    app_sched_init                           0x00018925   Thumb Code    40  app_scheduler.o(i.app_sched_init)
    app_timer_create                         0x00018951   Thumb Code    72  app_timer.o(i.app_timer_create)
    app_timer_evt_schedule                   0x000189b9   Thumb Code    18  app_timer_appsh.o(i.app_timer_evt_schedule)
    app_timer_init                           0x000189d1   Thumb Code   164  app_timer.o(i.app_timer_init)
    app_timer_start                          0x00018a85   Thumb Code   122  app_timer.o(i.app_timer_start)
    app_uart_get                             0x00018b09   Thumb Code    12  app_uart_fifo.o(i.app_uart_get)
    app_uart_init                            0x00018b19   Thumb Code   354  app_uart_fifo.o(i.app_uart_init)
    app_uart_put                             0x00018cad   Thumb Code    22  app_uart_fifo.o(i.app_uart_put)
    fputc                                    0x00018e79   Thumb Code    14  retarget.o(i.fputc)
    get_char_morse                           0x00018e89   Thumb Code   198  morse.o(i.get_char_morse)
    led_init                                 0x00018fb9   Thumb Code    46  led_handler.o(i.led_init)
    main                                     0x00019171   Thumb Code   102  main.o(i.main)
    morse_generate                           0x000191ed   Thumb Code    68  morse.o(i.morse_generate)
    morse_led_indication                     0x00019245   Thumb Code   156  led_handler.o(i.morse_led_indication)
    nrf_delay_ms                             0x00019301   Thumb Code    24  nrf_delay.o(i.nrf_delay_ms)
    nrf_drv_common_irq_enable                0x0001931d   Thumb Code    78  nrf_drv_common.o(i.nrf_drv_common_irq_enable)
    nrf_drv_gpiote_in_event_enable           0x0001937d   Thumb Code   120  nrf_drv_gpiote.o(i.nrf_drv_gpiote_in_event_enable)
    nrf_drv_gpiote_in_init                   0x00019409   Thumb Code   130  nrf_drv_gpiote.o(i.nrf_drv_gpiote_in_init)
    nrf_drv_gpiote_in_is_set                 0x0001949d   Thumb Code    16  nrf_drv_gpiote.o(i.nrf_drv_gpiote_in_is_set)
    nrf_drv_gpiote_init                      0x000194b1   Thumb Code    70  nrf_drv_gpiote.o(i.nrf_drv_gpiote_init)
    nrf_drv_gpiote_is_init                   0x00019501   Thumb Code    12  nrf_drv_gpiote.o(i.nrf_drv_gpiote_is_init)
    nrf_drv_gpiote_out_clear                 0x00019511   Thumb Code    10  nrf_drv_gpiote.o(i.nrf_drv_gpiote_out_clear)
    nrf_drv_gpiote_out_init                  0x00019521   Thumb Code   128  nrf_drv_gpiote.o(i.nrf_drv_gpiote_out_init)
    nrf_drv_gpiote_out_set                   0x000195b5   Thumb Code    10  nrf_drv_gpiote.o(i.nrf_drv_gpiote_out_set)
    timer_init                               0x000196f5   Thumb Code    68  timer_handler.o(i.timer_init)
    uart_event_handle                        0x000198b1   Thumb Code    80  main.o(i.uart_event_handle)
    Region$$Table$$Base                      0x00019a00   Number         0  anon$$obj.o(Region$$Table)
    Region$$Table$$Limit                     0x00019a20   Number         0  anon$$obj.o(Region$$Table)
    SystemCoreClock                          0x2000200c   Data           4  system_nrf51.o(.data)
    __stdout                                 0x2000204c   Data           4  retarget.o(.data)
    morse_data                               0x20002364   Data         202  morse.o(.bss)
    __initial_sp                             0x20002f20   Data           0  arm_startup_nrf51.o(STACK)



==============================================================================

Memory Map of the image

  Image Entry point : 0x000180c1

  Load Region LR_IROM1 (Base: 0x00018000, Size: 0x00001a70, Max: 0x00028000, ABSOLUTE)

    Execution Region ER_IROM1 (Base: 0x00018000, Size: 0x00001a20, Max: 0x00028000, ABSOLUTE)

    Base Addr    Size         Type   Attr      Idx    E Section Name        Object

    0x00018000   0x000000c0   Data   RO          260    RESET               arm_startup_nrf51.o
    0x000180c0   0x00000000   Code   RO         1026  * .ARM.Collect$$$$00000000  mc_p.l(entry.o)
    0x000180c0   0x00000004   Code   RO         1300    .ARM.Collect$$$$00000001  mc_p.l(entry2.o)
    0x000180c4   0x00000004   Code   RO         1303    .ARM.Collect$$$$00000004  mc_p.l(entry5.o)
    0x000180c8   0x00000000   Code   RO         1305    .ARM.Collect$$$$00000008  mc_p.l(entry7b.o)
    0x000180c8   0x00000000   Code   RO         1307    .ARM.Collect$$$$0000000A  mc_p.l(entry8b.o)
    0x000180c8   0x00000008   Code   RO         1308    .ARM.Collect$$$$0000000B  mc_p.l(entry9a.o)
    0x000180d0   0x00000000   Code   RO         1310    .ARM.Collect$$$$0000000D  mc_p.l(entry10a.o)
    0x000180d0   0x00000000   Code   RO         1312    .ARM.Collect$$$$0000000F  mc_p.l(entry11a.o)
    0x000180d0   0x00000004   Code   RO         1301    .ARM.Collect$$$$00002712  mc_p.l(entry2.o)
    0x000180d4   0x0000001e   Code   RO          519    .emb_text           nrf_delay.o
    0x000180f2   0x00000002   PAD
    0x000180f4   0x0000001e   Code   RO          823    .emb_text           app_timer.o
    0x00018112   0x00000002   PAD
    0x00018114   0x00000038   Code   RO          261    .text               arm_startup_nrf51.o
    0x0001814c   0x0000002c   Code   RO         1029    .text               mc_p.l(uidiv.o)
    0x00018178   0x00000028   Code   RO         1031    .text               mc_p.l(idiv.o)
    0x000181a0   0x00000024   Code   RO         1033    .text               mc_p.l(memcpya.o)
    0x000181c4   0x0000000e   Code   RO         1035    .text               mc_p.l(strlen.o)
    0x000181d2   0x00000002   PAD
    0x000181d4   0x00000024   Code   RO         1327    .text               mc_p.l(init.o)
    0x000181f8   0x00000104   Code   RO          333    i.GPIOTE_IRQHandler  nrf_drv_gpiote.o
    0x000182fc   0x00000044   Code   RO          824    i.NVIC_SetPriority  app_timer.o
    0x00018340   0x00000020   Code   RO          825    i.RTC1_IRQHandler   app_timer.o
    0x00018360   0x00000054   Code   RO          826    i.SWI0_IRQHandler   app_timer.o
    0x000183b4   0x00000054   Code   RO          268    i.SystemInit        system_nrf51.o
    0x00018408   0x00000080   Code   RO          543    i.UART0_IRQHandler  app_uart_fifo.o
    0x00018488   0x00000020   Code   RO         1128    i.__0printf$3       mc_p.l(printf3.o)
    0x000184a8   0x0000001a   Code   RO          159    i.__ARM_common_switch8  morse.o
    0x000184c2   0x0000000e   Code   RO         1341    i.__scatterload_copy  mc_p.l(handlers.o)
    0x000184d0   0x00000002   Code   RO         1342    i.__scatterload_null  mc_p.l(handlers.o)
    0x000184d2   0x0000000e   Code   RO         1343    i.__scatterload_zeroinit  mc_p.l(handlers.o)
    0x000184e0   0x000001cc   Code   RO         1135    i._printf_core      mc_p.l(printf3.o)
    0x000186ac   0x0000004c   Code   RO          544    i.action_tx_send    app_uart_fifo.o
    0x000186f8   0x00000024   Code   RO          545    i.action_tx_stop    app_uart_fifo.o
    0x0001871c   0x00000020   Code   RO          546    i.action_uart_deactivate  app_uart_fifo.o
    0x0001873c   0x0000001c   Code   RO          713    i.app_error_handler  app_error.o
    0x00018758   0x00000022   Code   RO          735    i.app_fifo_get      app_fifo.o
    0x0001877a   0x00000024   Code   RO          736    i.app_fifo_init     app_fifo.o
    0x0001879e   0x00000022   Code   RO          737    i.app_fifo_put      app_fifo.o
    0x000187c0   0x00000044   Code   RO          769    i.app_sched_event_get  app_scheduler.o
    0x00018804   0x00000100   Code   RO          770    i.app_sched_event_put  app_scheduler.o
    0x00018904   0x0000001e   Code   RO          771    i.app_sched_execute  app_scheduler.o
    0x00018922   0x00000002   PAD
    0x00018924   0x0000002c   Code   RO          772    i.app_sched_init    app_scheduler.o
    0x00018950   0x0000004c   Code   RO          829    i.app_timer_create  app_timer.o
    0x0001899c   0x0000001a   Code   RO          966    i.app_timer_evt_get  app_timer_appsh.o
    0x000189b6   0x00000002   PAD
    0x000189b8   0x00000018   Code   RO          967    i.app_timer_evt_schedule  app_timer_appsh.o
    0x000189d0   0x000000b4   Code   RO          830    i.app_timer_init    app_timer.o
    0x00018a84   0x00000084   Code   RO          831    i.app_timer_start   app_timer.o
    0x00018b08   0x00000010   Code   RO          549    i.app_uart_get      app_uart_fifo.o
    0x00018b18   0x00000194   Code   RO          551    i.app_uart_init     app_uart_fifo.o
    0x00018cac   0x0000001c   Code   RO          552    i.app_uart_put      app_uart_fifo.o
    0x00018cc8   0x0000001c   Code   RO          334    i.channel_free      nrf_drv_gpiote.o
    0x00018ce4   0x00000048   Code   RO          335    i.channel_port_alloc  nrf_drv_gpiote.o
    0x00018d2c   0x00000010   Code   RO          336    i.channel_port_get  nrf_drv_gpiote.o
    0x00018d3c   0x000000a4   Code   RO          834    i.compare_reg_update  app_timer.o
    0x00018de0   0x00000040   Code   RO          835    i.elapsed_ticks_acquire  app_timer.o
    0x00018e20   0x00000058   Code   RO          836    i.expired_timers_handler  app_timer.o
    0x00018e78   0x0000000e   Code   RO          995    i.fputc             retarget.o
    0x00018e86   0x00000002   PAD
    0x00018e88   0x000000d0   Code   RO          130    i.get_char_morse    morse.o
    0x00018f58   0x00000016   Code   RO          553    i.gpiote_uart_event_handler  app_uart_fifo.o
    0x00018f6e   0x00000002   PAD
    0x00018f70   0x00000048   Code   RO          269    i.is_manual_peripheral_setup_needed  system_nrf51.o
    0x00018fb8   0x00000034   Code   RO          230    i.led_init          led_handler.o
    0x00018fec   0x00000094   Code   RO          837    i.list_deletions_handler  app_timer.o
    0x00019080   0x000000f0   Code   RO          838    i.list_insertions_handler  app_timer.o
    0x00019170   0x0000007c   Code   RO            3    i.main              main.o
    0x000191ec   0x00000058   Code   RO          131    i.morse_generate    morse.o
    0x00019244   0x000000bc   Code   RO          231    i.morse_led_indication  led_handler.o
    0x00019300   0x0000001c   Code   RO          520    i.nrf_delay_ms      nrf_delay.o
    0x0001931c   0x00000060   Code   RO          304    i.nrf_drv_common_irq_enable  nrf_drv_common.o
    0x0001937c   0x0000008c   Code   RO          339    i.nrf_drv_gpiote_in_event_enable  nrf_drv_gpiote.o
    0x00019408   0x00000094   Code   RO          340    i.nrf_drv_gpiote_in_init  nrf_drv_gpiote.o
    0x0001949c   0x00000014   Code   RO          341    i.nrf_drv_gpiote_in_is_set  nrf_drv_gpiote.o
    0x000194b0   0x00000050   Code   RO          343    i.nrf_drv_gpiote_init  nrf_drv_gpiote.o
    0x00019500   0x00000010   Code   RO          344    i.nrf_drv_gpiote_is_init  nrf_drv_gpiote.o
    0x00019510   0x00000010   Code   RO          345    i.nrf_drv_gpiote_out_clear  nrf_drv_gpiote.o
    0x00019520   0x00000094   Code   RO          346    i.nrf_drv_gpiote_out_init  nrf_drv_gpiote.o
    0x000195b4   0x00000010   Code   RO          347    i.nrf_drv_gpiote_out_set  nrf_drv_gpiote.o
    0x000195c4   0x00000020   Code   RO          356    i.nrf_gpio_cfg_sense_set  nrf_drv_gpiote.o
    0x000195e4   0x00000014   Code   RO          357    i.nrf_gpiote_event_is_set  nrf_drv_gpiote.o
    0x000195f8   0x00000088   Code   RO          554    i.on_uart_event     app_uart_fifo.o
    0x00019680   0x00000018   Code   RO          358    i.pin_in_use_by_port  nrf_drv_gpiote.o
    0x00019698   0x00000018   Code   RO          359    i.pin_in_use_by_te  nrf_drv_gpiote.o
    0x000196b0   0x00000044   Code   RO          839    i.rtc1_stop         app_timer.o
    0x000196f4   0x00000058   Code   RO          203    i.timer_init        timer_handler.o
    0x0001974c   0x00000010   Code   RO          840    i.timer_list_handler_sched  app_timer.o
    0x0001975c   0x00000064   Code   RO          841    i.timer_list_insert  app_timer.o
    0x000197c0   0x00000070   Code   RO          842    i.timer_list_remove  app_timer.o
    0x00019830   0x00000080   Code   RO          843    i.timer_timeouts_check  app_timer.o
    0x000198b0   0x0000006c   Code   RO            4    i.uart_event_handle  main.o
    0x0001991c   0x00000054   Code   RO          844    i.user_id_get       app_timer.o
    0x00019970   0x00000024   Code   RO          845    i.user_op_alloc     app_timer.o
    0x00019994   0x0000000c   Data   RO            6    .constdata          main.o
    0x000199a0   0x00000003   Data   RO          232    .constdata          led_handler.o
    0x000199a3   0x00000001   PAD
    0x000199a4   0x00000008   Data   RO          556    .constdata          app_uart_fifo.o
    0x000199ac   0x00000054   Data   RO            7    .conststring        main.o
    0x00019a00   0x00000020   Data   RO         1339    Region$$Table       anon$$obj.o


    Execution Region RW_IRAM1 (Base: 0x20002000, Size: 0x00000f20, Max: 0x00006000, ABSOLUTE)

    Base Addr    Size         Type   Attr      Idx    E Section Name        Object

    0x20002000   0x00000001   Data   RW            8    .data               main.o
    0x20002001   0x00000003   PAD
    0x20002004   0x00000004   Data   RW          134    .data               morse.o
    0x20002008   0x00000004   Data   RW          205    .data               timer_handler.o
    0x2000200c   0x00000004   Data   RW          270    .data               system_nrf51.o
    0x20002010   0x00000008   Data   RW          557    .data               app_uart_fifo.o
    0x20002018   0x00000010   Data   RW          773    .data               app_scheduler.o
    0x20002028   0x00000024   Data   RW          846    .data               app_timer.o
    0x2000204c   0x00000004   Data   RW          996    .data               retarget.o
    0x20002050   0x00000314   Zero   RW            5    .bss                main.o
    0x20002364   0x000000ca   Zero   RW          132    .bss                morse.o
    0x2000242e   0x00000002   PAD
    0x20002430   0x00000290   Zero   RW          204    .bss                timer_handler.o
    0x200026c0   0x0000003c   Zero   RW          360    .bss                nrf_drv_gpiote.o
    0x200026fc   0x00000020   Zero   RW          555    .bss                app_uart_fifo.o
    0x2000271c   0x00000004   PAD
    0x20002720   0x00000800   Zero   RW          258    STACK               arm_startup_nrf51.o


==============================================================================

Image component sizes


      Code (inc. data)   RO Data    RW Data    ZI Data      Debug   Object Name

         0          0          0          0          0       1644   app_button.o
        28         10          0          0          0       7320   app_error.o
       104          0          0          0          0       3134   app_fifo.o
       398         26          0         16          0      15419   app_scheduler.o
      1850        154          0         36          0      25426   app_timer.o
        50          6          0          0          0       2261   app_timer_appsh.o
       878        146          8          8         32      15354   app_uart_fifo.o
        56         18        192          0       2048        644   arm_startup_nrf51.o
       240         38          3          0          0       2146   led_handler.o
       232         50         96          1        788      31311   main.o
       322         90          0          4        202       8386   morse.o
        58          4          0          0          0       1571   nrf_delay.o
        96         18          0          0          0       7696   nrf_drv_common.o
      1060        150          0          0         60      21774   nrf_drv_gpiote.o
        14          0          0          4          0       2630   retarget.o
       156         26          0          4          0       1895   system_nrf51.o
        88         20          0          4        656       1197   timer_handler.o

    ----------------------------------------------------------------------
      5642        756        332         80       3792     149808   Object Totals
         0          0         32          0          0          0   (incl. Generated)
        12          0          1          3          6          0   (incl. Padding)

    ----------------------------------------------------------------------

      Code (inc. data)   RO Data    RW Data    ZI Data      Debug   Library Member Name

         0          0          0          0          0          0   entry.o
         0          0          0          0          0          0   entry10a.o
         0          0          0          0          0          0   entry11a.o
         8          4          0          0          0          0   entry2.o
         4          0          0          0          0          0   entry5.o
         0          0          0          0          0          0   entry7b.o
         0          0          0          0          0          0   entry8b.o
         8          4          0          0          0          0   entry9a.o
        30          0          0          0          0          0   handlers.o
        40          0          0          0          0         72   idiv.o
        36          8          0          0          0         68   init.o
        36          0          0          0          0         60   memcpya.o
       492         12          0          0          0        168   printf3.o
        14          0          0          0          0         60   strlen.o
        44          0          0          0          0         72   uidiv.o

    ----------------------------------------------------------------------
       714         28          0          0          0        500   Library Totals
         2          0          0          0          0          0   (incl. Padding)

    ----------------------------------------------------------------------

      Code (inc. data)   RO Data    RW Data    ZI Data      Debug   Library Name

       712         28          0          0          0        500   mc_p.l

    ----------------------------------------------------------------------
       714         28          0          0          0        500   Library Totals

    ----------------------------------------------------------------------

==============================================================================


      Code (inc. data)   RO Data    RW Data    ZI Data      Debug   

      6356        784        332         80       3792     147452   Grand Totals
      6356        784        332         80       3792     147452   ELF Image Totals
      6356        784        332         80          0          0   ROM Totals

==============================================================================

    Total RO  Size (Code + RO Data)                 6688 (   6.53kB)
    Total RW  Size (RW Data + ZI Data)              3872 (   3.78kB)
    Total ROM Size (Code + RO Data + RW Data)       6768 (   6.61kB)

==============================================================================

